Dec  1 09:36:04 MyLinuxVM kernel: The list of certified hardware and cloud instances for Red Hat Enterprise Linux 9 can be viewed at the Red Hat Ecosystem Catalog, https://catalog.redhat.com.
Dec  1 09:36:04 MyLinuxVM kernel: Command line: BOOT_IMAGE=(hd0,msdos1)/vmlinuz-5.14.0-533.el9.x86_64 root=/dev/mapper/cs-root ro crashkernel=1G-4G:192M,4G-64G:256M,64G-:512M resume=/dev/mapper/cs-swap rd.lvm.lv=cs/root rd.lvm.lv=cs/swap rhgb quiet
Dec  1 09:36:04 MyLinuxVM kernel: BIOS-provided physical RAM map:
Dec  1 09:36:04 MyLinuxVM kernel: BIOS-e820: [mem 0x0000000000000000-0x000000000009fbff] usable
Dec  1 09:36:04 MyLinuxVM kernel: BIOS-e820: [mem 0x000000000009fc00-0x000000000009ffff] reserved
Dec  1 09:36:04 MyLinuxVM kernel: BIOS-e820: [mem 0x00000000000f0000-0x00000000000fffff] reserved
Dec  1 09:36:04 MyLinuxVM kernel: BIOS-e820: [mem 0x0000000000100000-0x00000000dffeffff] usable
Dec  1 09:36:04 MyLinuxVM kernel: BIOS-e820: [mem 0x00000000dfff0000-0x00000000dfffffff] ACPI data
Dec  1 09:36:04 MyLinuxVM kernel: BIOS-e820: [mem 0x00000000fec00000-0x00000000fec00fff] reserved
Dec  1 09:36:04 MyLinuxVM kernel: BIOS-e820: [mem 0x00000000fee00000-0x00000000fee00fff] reserved
Dec  1 09:36:04 MyLinuxVM kernel: BIOS-e820: [mem 0x00000000fffc0000-0x00000000ffffffff] reserved
Dec  1 09:36:04 MyLinuxVM kernel: BIOS-e820: [mem 0x0000000100000000-0x000000024cafffff] usable
Dec  1 09:36:04 MyLinuxVM kernel: NX (Execute Disable) protection: active
Dec  1 09:36:04 MyLinuxVM kernel: APIC: Static calls initialized
Dec  1 09:36:04 MyLinuxVM kernel: SMBIOS 2.5 present.
Dec  1 09:36:04 MyLinuxVM kernel: DMI: innotek GmbH VirtualBox/VirtualBox, BIOS VirtualBox 12/01/2006
Dec  1 09:36:04 MyLinuxVM kernel: Hypervisor detected: KVM
Dec  1 09:36:04 MyLinuxVM kernel: kvm-clock: Using msrs 4b564d01 and 4b564d00
Dec  1 09:36:04 MyLinuxVM kernel: kvm-clock: using sched offset of 4643339356 cycles
Dec  1 09:36:04 MyLinuxVM kernel: clocksource: kvm-clock: mask: 0xffffffffffffffff max_cycles: 0x1cd42e4dffb, max_idle_ns: 881590591483 ns
Dec  1 09:36:04 MyLinuxVM kernel: tsc: Detected 2111.998 MHz processor
Dec  1 09:36:04 MyLinuxVM kernel: last_pfn = 0x24cb00 max_arch_pfn = 0x400000000
Dec  1 09:36:04 MyLinuxVM kernel: MTRRs disabled by BIOS
Dec  1 09:36:04 MyLinuxVM kernel: x86/PAT: Configuration [0-7]: WB  WC  UC- UC  WB  WP  UC- WT  
Dec  1 09:36:04 MyLinuxVM kernel: last_pfn = 0xe0000 max_arch_pfn = 0x400000000
Dec  1 09:36:04 MyLinuxVM kernel: found SMP MP-table at [mem 0x0009fff0-0x0009ffff]
Dec  1 09:36:04 MyLinuxVM kernel: Incomplete global flushes, disabling PCID
Dec  1 09:36:04 MyLinuxVM kernel: RAMDISK: [mem 0x3134c000-0x3499dfff]
Dec  1 09:36:04 MyLinuxVM kernel: ACPI: Early table checksum verification disabled
Dec  1 09:36:04 MyLinuxVM kernel: ACPI: RSDP 0x00000000000E0000 000024 (v02 VBOX  )
Dec  1 09:36:04 MyLinuxVM kernel: ACPI: XSDT 0x00000000DFFF0030 00003C (v01 VBOX   VBOXXSDT 00000001 ASL  00000061)
Dec  1 09:36:04 MyLinuxVM kernel: ACPI: FACP 0x00000000DFFF00F0 0000F4 (v04 VBOX   VBOXFACP 00000001 ASL  00000061)
Dec  1 09:36:04 MyLinuxVM kernel: ACPI: DSDT 0x00000000DFFF0660 002353 (v02 VBOX   VBOXBIOS 00000002 INTL 20200925)
Dec  1 09:36:04 MyLinuxVM kernel: ACPI: FACS 0x00000000DFFF0200 000040
Dec  1 09:36:04 MyLinuxVM kernel: ACPI: FACS 0x00000000DFFF0200 000040
Dec  1 09:36:04 MyLinuxVM kernel: ACPI: APIC 0x00000000DFFF0240 0000A4 (v02 VBOX   VBOXAPIC 00000001 ASL  00000061)
Dec  1 09:36:04 MyLinuxVM kernel: ACPI: SSDT 0x00000000DFFF02F0 00036C (v01 VBOX   VBOXCPUT 00000002 INTL 20200925)
Dec  1 09:36:04 MyLinuxVM kernel: ACPI: Reserving FACP table memory at [mem 0xdfff00f0-0xdfff01e3]
Dec  1 09:36:04 MyLinuxVM kernel: ACPI: Reserving DSDT table memory at [mem 0xdfff0660-0xdfff29b2]
Dec  1 09:36:04 MyLinuxVM kernel: ACPI: Reserving FACS table memory at [mem 0xdfff0200-0xdfff023f]
Dec  1 09:36:04 MyLinuxVM kernel: ACPI: Reserving FACS table memory at [mem 0xdfff0200-0xdfff023f]
Dec  1 09:36:04 MyLinuxVM kernel: ACPI: Reserving APIC table memory at [mem 0xdfff0240-0xdfff02e3]
Dec  1 09:36:04 MyLinuxVM kernel: ACPI: Reserving SSDT table memory at [mem 0xdfff02f0-0xdfff065b]
Dec  1 09:36:04 MyLinuxVM kernel: No NUMA configuration found
Dec  1 09:36:04 MyLinuxVM kernel: Faking a node at [mem 0x0000000000000000-0x000000024cafffff]
Dec  1 09:36:04 MyLinuxVM kernel: NODE_DATA(0) allocated [mem 0x24cad5000-0x24cafffff]
Dec  1 09:36:04 MyLinuxVM kernel: Reserving 256MB of memory at 3312MB for crashkernel (System RAM: 8906MB)
Dec  1 09:36:04 MyLinuxVM kernel: Zone ranges:
Dec  1 09:36:04 MyLinuxVM kernel:  DMA      [mem 0x0000000000001000-0x0000000000ffffff]
Dec  1 09:36:04 MyLinuxVM kernel:  DMA32    [mem 0x0000000001000000-0x00000000ffffffff]
Dec  1 09:36:04 MyLinuxVM kernel:  Normal   [mem 0x0000000100000000-0x000000024cafffff]
Dec  1 09:36:04 MyLinuxVM kernel:  Device   empty
Dec  1 09:36:04 MyLinuxVM kernel: Movable zone start for each node
Dec  1 09:36:04 MyLinuxVM kernel: Early memory node ranges
Dec  1 09:36:04 MyLinuxVM kernel:  node   0: [mem 0x0000000000001000-0x000000000009efff]
Dec  1 09:36:04 MyLinuxVM kernel:  node   0: [mem 0x0000000000100000-0x00000000dffeffff]
Dec  1 09:36:04 MyLinuxVM kernel:  node   0: [mem 0x0000000100000000-0x000000024cafffff]
Dec  1 09:36:04 MyLinuxVM kernel: Initmem setup node 0 [mem 0x0000000000001000-0x000000024cafffff]
Dec  1 09:36:04 MyLinuxVM kernel: On node 0, zone DMA: 1 pages in unavailable ranges
Dec  1 09:36:04 MyLinuxVM kernel: On node 0, zone DMA: 97 pages in unavailable ranges
Dec  1 09:36:04 MyLinuxVM kernel: On node 0, zone Normal: 16 pages in unavailable ranges
Dec  1 09:36:04 MyLinuxVM kernel: On node 0, zone Normal: 13568 pages in unavailable ranges
Dec  1 09:36:04 MyLinuxVM kernel: ACPI: PM-Timer IO Port: 0x4008
Dec  1 09:36:04 MyLinuxVM kernel: IOAPIC[0]: apic_id 11, version 32, address 0xfec00000, GSI 0-23
Dec  1 09:36:04 MyLinuxVM kernel: ACPI: INT_SRC_OVR (bus 0 bus_irq 0 global_irq 2 dfl dfl)
Dec  1 09:36:04 MyLinuxVM kernel: ACPI: INT_SRC_OVR (bus 0 bus_irq 9 global_irq 9 low level)
Dec  1 09:36:04 MyLinuxVM kernel: ACPI: Using ACPI (MADT) for SMP configuration information
Dec  1 09:36:04 MyLinuxVM kernel: CPU topo: Max. logical packages:   1
Dec  1 09:36:04 MyLinuxVM kernel: CPU topo: Max. logical dies:       1
Dec  1 09:36:04 MyLinuxVM kernel: CPU topo: Max. dies per package:   1
Dec  1 09:36:04 MyLinuxVM kernel: CPU topo: Max. threads per core:   1
Dec  1 09:36:04 MyLinuxVM kernel: CPU topo: Num. cores per package:    11
Dec  1 09:36:04 MyLinuxVM kernel: CPU topo: Num. threads per package:  11
Dec  1 09:36:04 MyLinuxVM kernel: CPU topo: Allowing 11 present CPUs plus 0 hotplug CPUs
Dec  1 09:36:04 MyLinuxVM kernel: PM: hibernation: Registered nosave memory: [mem 0x00000000-0x00000fff]
Dec  1 09:36:04 MyLinuxVM kernel: PM: hibernation: Registered nosave memory: [mem 0x0009f000-0x0009ffff]
Dec  1 09:36:04 MyLinuxVM kernel: PM: hibernation: Registered nosave memory: [mem 0x000a0000-0x000effff]
Dec  1 09:36:04 MyLinuxVM kernel: PM: hibernation: Registered nosave memory: [mem 0x000f0000-0x000fffff]
Dec  1 09:36:04 MyLinuxVM kernel: PM: hibernation: Registered nosave memory: [mem 0xdfff0000-0xdfffffff]
Dec  1 09:36:04 MyLinuxVM kernel: PM: hibernation: Registered nosave memory: [mem 0xe0000000-0xfebfffff]
Dec  1 09:36:04 MyLinuxVM kernel: PM: hibernation: Registered nosave memory: [mem 0xfec00000-0xfec00fff]
Dec  1 09:36:04 MyLinuxVM kernel: PM: hibernation: Registered nosave memory: [mem 0xfec01000-0xfedfffff]
Dec  1 09:36:04 MyLinuxVM kernel: PM: hibernation: Registered nosave memory: [mem 0xfee00000-0xfee00fff]
Dec  1 09:36:04 MyLinuxVM kernel: PM: hibernation: Registered nosave memory: [mem 0xfee01000-0xfffbffff]
Dec  1 09:36:04 MyLinuxVM kernel: PM: hibernation: Registered nosave memory: [mem 0xfffc0000-0xffffffff]
Dec  1 09:36:04 MyLinuxVM kernel: [mem 0xe0000000-0xfebfffff] available for PCI devices
Dec  1 09:36:04 MyLinuxVM kernel: Booting paravirtualized kernel on KVM
Dec  1 09:36:04 MyLinuxVM kernel: clocksource: refined-jiffies: mask: 0xffffffff max_cycles: 0xffffffff, max_idle_ns: 1910969940391419 ns
Dec  1 09:36:04 MyLinuxVM kernel: Warning: Deprecated Hardware is detected: x86_64-v2:GenuineIntel:12th Gen Intel(R) Core(TM) i7-12700 will not be maintained in a future major release and may be disabled
Dec  1 09:36:04 MyLinuxVM kernel: setup_percpu: NR_CPUS:8192 nr_cpumask_bits:11 nr_cpu_ids:11 nr_node_ids:1
Dec  1 09:36:04 MyLinuxVM kernel: percpu: Embedded 64 pages/cpu s225280 r8192 d28672 u524288
Dec  1 09:36:04 MyLinuxVM kernel: kvm-guest: PV spinlocks enabled
Dec  1 09:36:04 MyLinuxVM kernel: PV qspinlock hash table entries: 256 (order: 0, 4096 bytes, linear)
Dec  1 09:36:04 MyLinuxVM kernel: Kernel command line: BOOT_IMAGE=(hd0,msdos1)/vmlinuz-5.14.0-533.el9.x86_64 root=/dev/mapper/cs-root ro crashkernel=1G-4G:192M,4G-64G:256M,64G-:512M resume=/dev/mapper/cs-swap rd.lvm.lv=cs/root rd.lvm.lv=cs/swap rhgb quiet
Dec  1 09:36:04 MyLinuxVM kernel: Unknown kernel command line parameters "rhgb BOOT_IMAGE=(hd0,msdos1)/vmlinuz-5.14.0-533.el9.x86_64", will be passed to user space.
Dec  1 09:36:04 MyLinuxVM kernel: random: crng init done
Dec  1 09:36:04 MyLinuxVM kernel: Dentry cache hash table entries: 2097152 (order: 12, 16777216 bytes, linear)
Dec  1 09:36:04 MyLinuxVM kernel: Inode-cache hash table entries: 1048576 (order: 11, 8388608 bytes, linear)
Dec  1 09:36:04 MyLinuxVM kernel: Fallback order for Node 0: 0 
Dec  1 09:36:04 MyLinuxVM kernel: Built 1 zonelists, mobility grouping on.  Total pages: 2244292
Dec  1 09:36:04 MyLinuxVM kernel: Policy zone: Normal
Dec  1 09:36:04 MyLinuxVM kernel: mem auto-init: stack:off, heap alloc:off, heap free:off
Dec  1 09:36:04 MyLinuxVM kernel: software IO TLB: area num 16.
Dec  1 09:36:04 MyLinuxVM kernel: Memory: 3365168K/9120312K available (16384K kernel code, 5734K rwdata, 13200K rodata, 4020K init, 5492K bss, 609416K reserved, 0K cma-reserved)
Dec  1 09:36:04 MyLinuxVM kernel: SLUB: HWalign=64, Order=0-3, MinObjects=0, CPUs=11, Nodes=1
Dec  1 09:36:04 MyLinuxVM kernel: Kernel/User page tables isolation: enabled
Dec  1 09:36:04 MyLinuxVM kernel: ftrace: allocating 48747 entries in 191 pages
Dec  1 09:36:04 MyLinuxVM kernel: ftrace: allocated 191 pages with 7 groups
Dec  1 09:36:04 MyLinuxVM kernel: Dynamic Preempt: voluntary
Dec  1 09:36:04 MyLinuxVM kernel: rcu: Preemptible hierarchical RCU implementation.
Dec  1 09:36:04 MyLinuxVM kernel: rcu: #011RCU event tracing is enabled.
Dec  1 09:36:04 MyLinuxVM kernel: rcu: #011RCU restricting CPUs from NR_CPUS=8192 to nr_cpu_ids=11.
Dec  1 09:36:04 MyLinuxVM kernel: #011Trampoline variant of Tasks RCU enabled.
Dec  1 09:36:04 MyLinuxVM kernel: #011Rude variant of Tasks RCU enabled.
Dec  1 09:36:04 MyLinuxVM kernel: #011Tracing variant of Tasks RCU enabled.
Dec  1 09:36:04 MyLinuxVM kernel: rcu: RCU calculated value of scheduler-enlistment delay is 100 jiffies.
Dec  1 09:36:04 MyLinuxVM kernel: rcu: Adjusting geometry for rcu_fanout_leaf=16, nr_cpu_ids=11
Dec  1 09:36:04 MyLinuxVM kernel: RCU Tasks: Setting shift to 4 and lim to 1 rcu_task_cb_adjust=1.
Dec  1 09:36:04 MyLinuxVM kernel: RCU Tasks Rude: Setting shift to 4 and lim to 1 rcu_task_cb_adjust=1.
Dec  1 09:36:04 MyLinuxVM kernel: RCU Tasks Trace: Setting shift to 4 and lim to 1 rcu_task_cb_adjust=1.
Dec  1 09:36:04 MyLinuxVM kernel: NR_IRQS: 524544, nr_irqs: 512, preallocated irqs: 16
Dec  1 09:36:04 MyLinuxVM kernel: rcu: srcu_init: Setting srcu_struct sizes based on contention.
Dec  1 09:36:04 MyLinuxVM kernel: kfence: initialized - using 2097152 bytes for 255 objects at 0x(____ptrval____)-0x(____ptrval____)
Dec  1 09:36:04 MyLinuxVM kernel: Console: colour VGA+ 80x25
Dec  1 09:36:04 MyLinuxVM kernel: printk: legacy console [tty0] enabled
Dec  1 09:36:04 MyLinuxVM kernel: ACPI: Core revision 20230331
Dec  1 09:36:04 MyLinuxVM kernel: APIC: Switch to symmetric I/O mode setup
Dec  1 09:36:04 MyLinuxVM kernel: x2apic enabled
Dec  1 09:36:04 MyLinuxVM kernel: APIC: Switched APIC routing to: physical x2apic
Dec  1 09:36:04 MyLinuxVM kernel: ..TIMER: vector=0x30 apic1=0 pin1=2 apic2=-1 pin2=-1
Dec  1 09:36:04 MyLinuxVM kernel: clocksource: tsc-early: mask: 0xffffffffffffffff max_cycles: 0x1e71768ef8b, max_idle_ns: 440795218977 ns
Dec  1 09:36:04 MyLinuxVM kernel: Calibrating delay loop (skipped) preset value.. 4223.99 BogoMIPS (lpj=2111998)
Dec  1 09:36:04 MyLinuxVM kernel: Last level iTLB entries: 4KB 0, 2MB 0, 4MB 0
Dec  1 09:36:04 MyLinuxVM kernel: Last level dTLB entries: 4KB 0, 2MB 0, 4MB 0, 1GB 0
Dec  1 09:36:04 MyLinuxVM kernel: Spectre V1 : Mitigation: usercopy/swapgs barriers and __user pointer sanitization
Dec  1 09:36:04 MyLinuxVM kernel: Spectre V2 : Mitigation: Retpolines
Dec  1 09:36:04 MyLinuxVM kernel: Spectre V2 : Spectre v2 / SpectreRSB mitigation: Filling RSB on context switch
Dec  1 09:36:04 MyLinuxVM kernel: Spectre V2 : Spectre v2 / SpectreRSB : Filling RSB on VMEXIT
Dec  1 09:36:04 MyLinuxVM kernel: Speculative Store Bypass: Vulnerable
Dec  1 09:36:04 MyLinuxVM kernel: MDS: Mitigation: Clear CPU buffers
Dec  1 09:36:04 MyLinuxVM kernel: Register File Data Sampling: Vulnerable: No microcode
Dec  1 09:36:04 MyLinuxVM kernel: x86/fpu: Supporting XSAVE feature 0x001: 'x87 floating point registers'
Dec  1 09:36:04 MyLinuxVM kernel: x86/fpu: Supporting XSAVE feature 0x002: 'SSE registers'
Dec  1 09:36:04 MyLinuxVM kernel: x86/fpu: Supporting XSAVE feature 0x004: 'AVX registers'
Dec  1 09:36:04 MyLinuxVM kernel: x86/fpu: xstate_offset[2]:  576, xstate_sizes[2]:  256
Dec  1 09:36:04 MyLinuxVM kernel: x86/fpu: Enabled xstate features 0x7, context size is 832 bytes, using 'standard' format.
Dec  1 09:36:04 MyLinuxVM kernel: Freeing SMP alternatives memory: 40K
Dec  1 09:36:04 MyLinuxVM kernel: pid_max: default: 32768 minimum: 301
Dec  1 09:36:04 MyLinuxVM kernel: LSM: initializing lsm=lockdown,capability,yama,integrity,selinux,bpf
Dec  1 09:36:04 MyLinuxVM kernel: Yama: becoming mindful.
Dec  1 09:36:04 MyLinuxVM kernel: SELinux:  Initializing.
Dec  1 09:36:04 MyLinuxVM kernel: LSM support for eBPF active
Dec  1 09:36:04 MyLinuxVM kernel: Mount-cache hash table entries: 32768 (order: 6, 262144 bytes, linear)
Dec  1 09:36:04 MyLinuxVM kernel: Mountpoint-cache hash table entries: 32768 (order: 6, 262144 bytes, linear)
Dec  1 09:36:04 MyLinuxVM kernel: smpboot: CPU0: 12th Gen Intel(R) Core(TM) i7-12700 (family: 0x6, model: 0x97, stepping: 0x2)
Dec  1 09:36:04 MyLinuxVM kernel: Performance Events: unsupported p6 CPU model 151 no PMU driver, software events only.
Dec  1 09:36:04 MyLinuxVM kernel: signal: max sigframe size: 1776
Dec  1 09:36:04 MyLinuxVM kernel: rcu: Hierarchical SRCU implementation.
Dec  1 09:36:04 MyLinuxVM kernel: rcu: #011Max phase no-delay instances is 400.
Dec  1 09:36:04 MyLinuxVM kernel: NMI watchdog: Perf NMI watchdog permanently disabled
Dec  1 09:36:04 MyLinuxVM kernel: smp: Bringing up secondary CPUs ...
Dec  1 09:36:04 MyLinuxVM kernel: smpboot: x86: Booting SMP configuration:
Dec  1 09:36:04 MyLinuxVM kernel: .... node  #0, CPUs:        #1  #2  #3  #4  #5  #6  #7  #8  #9 #10
Dec  1 09:36:04 MyLinuxVM kernel: smp: Brought up 1 node, 11 CPUs
Dec  1 09:36:04 MyLinuxVM kernel: smpboot: Total of 11 processors activated (46463.95 BogoMIPS)
Dec  1 09:36:04 MyLinuxVM kernel: node 0 deferred pages initialised in 92ms
Dec  1 09:36:04 MyLinuxVM kernel: devtmpfs: initialized
Dec  1 09:36:04 MyLinuxVM kernel: x86/mm: Memory block size: 128MB
Dec  1 09:36:04 MyLinuxVM kernel: clocksource: jiffies: mask: 0xffffffff max_cycles: 0xffffffff, max_idle_ns: 1911260446275000 ns
Dec  1 09:36:04 MyLinuxVM kernel: futex hash table entries: 4096 (order: 6, 262144 bytes, linear)
Dec  1 09:36:04 MyLinuxVM kernel: pinctrl core: initialized pinctrl subsystem
Dec  1 09:36:04 MyLinuxVM kernel: NET: Registered PF_NETLINK/PF_ROUTE protocol family
Dec  1 09:36:04 MyLinuxVM kernel: DMA: preallocated 2048 KiB GFP_KERNEL pool for atomic allocations
Dec  1 09:36:04 MyLinuxVM kernel: DMA: preallocated 2048 KiB GFP_KERNEL|GFP_DMA pool for atomic allocations
Dec  1 09:36:04 MyLinuxVM kernel: DMA: preallocated 2048 KiB GFP_KERNEL|GFP_DMA32 pool for atomic allocations
Dec  1 09:36:04 MyLinuxVM kernel: audit: initializing netlink subsys (disabled)
Dec  1 09:36:04 MyLinuxVM kernel: audit: type=2000 audit(1733042168.170:1): state=initialized audit_enabled=0 res=1
Dec  1 09:36:04 MyLinuxVM kernel: thermal_sys: Registered thermal governor 'fair_share'
Dec  1 09:36:04 MyLinuxVM kernel: thermal_sys: Registered thermal governor 'step_wise'
Dec  1 09:36:04 MyLinuxVM kernel: thermal_sys: Registered thermal governor 'user_space'
Dec  1 09:36:04 MyLinuxVM kernel: cpuidle: using governor menu
Dec  1 09:36:04 MyLinuxVM kernel: acpiphp: ACPI Hot Plug PCI Controller Driver version: 0.5
Dec  1 09:36:04 MyLinuxVM kernel: PCI: Using configuration type 1 for base access
Dec  1 09:36:04 MyLinuxVM kernel: kprobes: kprobe jump-optimization is enabled. All kprobes are optimized if possible.
Dec  1 09:36:04 MyLinuxVM kernel: HugeTLB: registered 2.00 MiB page size, pre-allocated 0 pages
Dec  1 09:36:04 MyLinuxVM kernel: HugeTLB: 28 KiB vmemmap can be freed for a 2.00 MiB page
Dec  1 09:36:04 MyLinuxVM kernel: Demotion targets for Node 0: null
Dec  1 09:36:04 MyLinuxVM kernel: cryptd: max_cpu_qlen set to 1000
Dec  1 09:36:04 MyLinuxVM kernel: ACPI: Added _OSI(Module Device)
Dec  1 09:36:04 MyLinuxVM kernel: ACPI: Added _OSI(Processor Device)
Dec  1 09:36:04 MyLinuxVM kernel: ACPI: Added _OSI(3.0 _SCP Extensions)
Dec  1 09:36:04 MyLinuxVM kernel: ACPI: Added _OSI(Processor Aggregator Device)
Dec  1 09:36:04 MyLinuxVM kernel: ACPI: 2 ACPI AML tables successfully acquired and loaded
Dec  1 09:36:04 MyLinuxVM kernel: ACPI: _OSC evaluation for CPUs failed, trying _PDC
Dec  1 09:36:04 MyLinuxVM kernel: ACPI: Interpreter enabled
Dec  1 09:36:04 MyLinuxVM kernel: ACPI: PM: (supports S0 S5)
Dec  1 09:36:04 MyLinuxVM kernel: ACPI: Using IOAPIC for interrupt routing
Dec  1 09:36:04 MyLinuxVM kernel: PCI: Using host bridge windows from ACPI; if necessary, use "pci=nocrs" and report a bug
Dec  1 09:36:04 MyLinuxVM kernel: PCI: Using E820 reservations for host bridge windows
Dec  1 09:36:04 MyLinuxVM kernel: ACPI: Enabled 2 GPEs in block 00 to 07
Dec  1 09:36:04 MyLinuxVM kernel: ACPI: PCI Root Bridge [PCI0] (domain 0000 [bus 00-ff])
Dec  1 09:36:04 MyLinuxVM kernel: acpi PNP0A03:00: _OSC: OS supports [ASPM ClockPM Segments MSI EDR HPX-Type3]
Dec  1 09:36:04 MyLinuxVM kernel: acpi PNP0A03:00: _OSC: not requesting OS control; OS requires [ExtendedConfig ASPM ClockPM MSI]
Dec  1 09:36:04 MyLinuxVM kernel: acpi PNP0A03:00: fail to add MMCONFIG information, can't access extended configuration space under this bridge
Dec  1 09:36:04 MyLinuxVM kernel: PCI host bridge to bus 0000:00
Dec  1 09:36:04 MyLinuxVM kernel: pci_bus 0000:00: root bus resource [io  0x0000-0x0cf7 window]
Dec  1 09:36:04 MyLinuxVM kernel: pci_bus 0000:00: root bus resource [io  0x0d00-0xffff window]
Dec  1 09:36:04 MyLinuxVM kernel: pci_bus 0000:00: root bus resource [mem 0x000a0000-0x000bffff window]
Dec  1 09:36:04 MyLinuxVM kernel: pci_bus 0000:00: root bus resource [mem 0xe0000000-0xfdffffff window]
Dec  1 09:36:04 MyLinuxVM kernel: pci_bus 0000:00: root bus resource [bus 00-ff]
Dec  1 09:36:04 MyLinuxVM kernel: pci 0000:00:00.0: [8086:1237] type 00 class 0x060000 conventional PCI endpoint
Dec  1 09:36:04 MyLinuxVM kernel: pci 0000:00:01.0: [8086:7000] type 00 class 0x060100 conventional PCI endpoint
Dec  1 09:36:04 MyLinuxVM kernel: pci 0000:00:01.1: [8086:7111] type 00 class 0x01018a conventional PCI endpoint
Dec  1 09:36:04 MyLinuxVM kernel: pci 0000:00:01.1: BAR 4 [io  0xd000-0xd00f]
Dec  1 09:36:04 MyLinuxVM kernel: pci 0000:00:01.1: BAR 0 [io  0x01f0-0x01f7]: legacy IDE quirk
Dec  1 09:36:04 MyLinuxVM kernel: pci 0000:00:01.1: BAR 1 [io  0x03f6]: legacy IDE quirk
Dec  1 09:36:04 MyLinuxVM kernel: pci 0000:00:01.1: BAR 2 [io  0x0170-0x0177]: legacy IDE quirk
Dec  1 09:36:04 MyLinuxVM kernel: pci 0000:00:01.1: BAR 3 [io  0x0376]: legacy IDE quirk
Dec  1 09:36:04 MyLinuxVM kernel: pci 0000:00:02.0: [15ad:0405] type 00 class 0x030000 conventional PCI endpoint
Dec  1 09:36:04 MyLinuxVM kernel: pci 0000:00:02.0: BAR 0 [io  0xd010-0xd01f]
Dec  1 09:36:04 MyLinuxVM kernel: pci 0000:00:02.0: BAR 1 [mem 0xe0000000-0xe0ffffff pref]
Dec  1 09:36:04 MyLinuxVM kernel: pci 0000:00:02.0: BAR 2 [mem 0xf0000000-0xf01fffff]
Dec  1 09:36:04 MyLinuxVM kernel: pci 0000:00:02.0: Video device with shadowed ROM at [mem 0x000c0000-0x000dffff]
Dec  1 09:36:04 MyLinuxVM kernel: pci 0000:00:03.0: [8086:100e] type 00 class 0x020000 conventional PCI endpoint
Dec  1 09:36:04 MyLinuxVM kernel: pci 0000:00:03.0: BAR 0 [mem 0xf0200000-0xf021ffff]
Dec  1 09:36:04 MyLinuxVM kernel: pci 0000:00:03.0: BAR 2 [io  0xd020-0xd027]
Dec  1 09:36:04 MyLinuxVM kernel: pci 0000:00:04.0: [80ee:cafe] type 00 class 0x088000 conventional PCI endpoint
Dec  1 09:36:04 MyLinuxVM kernel: pci 0000:00:04.0: BAR 0 [io  0xd040-0xd05f]
Dec  1 09:36:04 MyLinuxVM kernel: pci 0000:00:04.0: BAR 1 [mem 0xf0400000-0xf07fffff]
Dec  1 09:36:04 MyLinuxVM kernel: pci 0000:00:04.0: BAR 2 [mem 0xf0800000-0xf0803fff pref]
Dec  1 09:36:04 MyLinuxVM kernel: pci 0000:00:05.0: [8086:2415] type 00 class 0x040100 conventional PCI endpoint
Dec  1 09:36:04 MyLinuxVM kernel: pci 0000:00:05.0: BAR 0 [io  0xd100-0xd1ff]
Dec  1 09:36:04 MyLinuxVM kernel: pci 0000:00:05.0: BAR 1 [io  0xd200-0xd23f]
Dec  1 09:36:04 MyLinuxVM kernel: pci 0000:00:06.0: [106b:003f] type 00 class 0x0c0310 conventional PCI endpoint
Dec  1 09:36:04 MyLinuxVM kernel: pci 0000:00:06.0: BAR 0 [mem 0xf0804000-0xf0804fff]
Dec  1 09:36:04 MyLinuxVM kernel: pci 0000:00:07.0: [8086:7113] type 00 class 0x068000 conventional PCI endpoint
Dec  1 09:36:04 MyLinuxVM kernel: pci 0000:00:07.0: quirk: [io  0x4000-0x403f] claimed by PIIX4 ACPI
Dec  1 09:36:04 MyLinuxVM kernel: pci 0000:00:07.0: quirk: [io  0x4100-0x410f] claimed by PIIX4 SMB
Dec  1 09:36:04 MyLinuxVM kernel: pci 0000:00:0b.0: [8086:265c] type 00 class 0x0c0320 conventional PCI endpoint
Dec  1 09:36:04 MyLinuxVM kernel: pci 0000:00:0b.0: BAR 0 [mem 0xf0805000-0xf0805fff]
Dec  1 09:36:04 MyLinuxVM kernel: pci 0000:00:0d.0: [8086:2829] type 00 class 0x010601 conventional PCI endpoint
Dec  1 09:36:04 MyLinuxVM kernel: pci 0000:00:0d.0: BAR 0 [io  0xd240-0xd247]
Dec  1 09:36:04 MyLinuxVM kernel: pci 0000:00:0d.0: BAR 1 [io  0xd248-0xd24b]
Dec  1 09:36:04 MyLinuxVM kernel: pci 0000:00:0d.0: BAR 2 [io  0xd250-0xd257]
Dec  1 09:36:04 MyLinuxVM kernel: pci 0000:00:0d.0: BAR 3 [io  0xd258-0xd25b]
Dec  1 09:36:04 MyLinuxVM kernel: pci 0000:00:0d.0: BAR 4 [io  0xd260-0xd26f]
Dec  1 09:36:04 MyLinuxVM kernel: pci 0000:00:0d.0: BAR 5 [mem 0xf0806000-0xf0807fff]
Dec  1 09:36:04 MyLinuxVM kernel: ACPI: PCI: Interrupt link LNKA configured for IRQ 11
Dec  1 09:36:04 MyLinuxVM kernel: ACPI: PCI: Interrupt link LNKB configured for IRQ 10
Dec  1 09:36:04 MyLinuxVM kernel: ACPI: PCI: Interrupt link LNKC configured for IRQ 9
Dec  1 09:36:04 MyLinuxVM kernel: ACPI: PCI: Interrupt link LNKD configured for IRQ 11
Dec  1 09:36:04 MyLinuxVM kernel: iommu: Default domain type: Translated
Dec  1 09:36:04 MyLinuxVM kernel: iommu: DMA domain TLB invalidation policy: lazy mode
Dec  1 09:36:04 MyLinuxVM kernel: SCSI subsystem initialized
Dec  1 09:36:04 MyLinuxVM kernel: ACPI: bus type USB registered
Dec  1 09:36:04 MyLinuxVM kernel: usbcore: registered new interface driver usbfs
Dec  1 09:36:04 MyLinuxVM kernel: usbcore: registered new interface driver hub
Dec  1 09:36:04 MyLinuxVM kernel: usbcore: registered new device driver usb
Dec  1 09:36:04 MyLinuxVM kernel: pps_core: LinuxPPS API ver. 1 registered
Dec  1 09:36:04 MyLinuxVM kernel: pps_core: Software ver. 5.3.6 - Copyright 2005-2007 Rodolfo Giometti <giometti@linux.it>
Dec  1 09:36:04 MyLinuxVM kernel: PTP clock support registered
Dec  1 09:36:04 MyLinuxVM kernel: EDAC MC: Ver: 3.0.0
Dec  1 09:36:04 MyLinuxVM kernel: NetLabel: Initializing
Dec  1 09:36:04 MyLinuxVM kernel: NetLabel:  domain hash size = 128
Dec  1 09:36:04 MyLinuxVM kernel: NetLabel:  protocols = UNLABELED CIPSOv4 CALIPSO
Dec  1 09:36:04 MyLinuxVM kernel: NetLabel:  unlabeled traffic allowed by default
Dec  1 09:36:04 MyLinuxVM kernel: PCI: Using ACPI for IRQ routing
Dec  1 09:36:04 MyLinuxVM kernel: pci 0000:00:02.0: vgaarb: setting as boot VGA device
Dec  1 09:36:04 MyLinuxVM kernel: pci 0000:00:02.0: vgaarb: bridge control possible
Dec  1 09:36:04 MyLinuxVM kernel: pci 0000:00:02.0: vgaarb: VGA device added: decodes=io+mem,owns=io+mem,locks=none
Dec  1 09:36:04 MyLinuxVM kernel: vgaarb: loaded
Dec  1 09:36:04 MyLinuxVM kernel: clocksource: Switched to clocksource kvm-clock
Dec  1 09:36:04 MyLinuxVM kernel: VFS: Disk quotas dquot_6.6.0
Dec  1 09:36:04 MyLinuxVM kernel: VFS: Dquot-cache hash table entries: 512 (order 0, 4096 bytes)
Dec  1 09:36:04 MyLinuxVM kernel: pnp: PnP ACPI init
Dec  1 09:36:04 MyLinuxVM kernel: pnp: PnP ACPI: found 2 devices
Dec  1 09:36:04 MyLinuxVM kernel: clocksource: acpi_pm: mask: 0xffffff max_cycles: 0xffffff, max_idle_ns: 2085701024 ns
Dec  1 09:36:04 MyLinuxVM kernel: NET: Registered PF_INET protocol family
Dec  1 09:36:04 MyLinuxVM kernel: IP idents hash table entries: 262144 (order: 9, 2097152 bytes, linear)
Dec  1 09:36:04 MyLinuxVM kernel: tcp_listen_portaddr_hash hash table entries: 8192 (order: 5, 131072 bytes, linear)
Dec  1 09:36:04 MyLinuxVM kernel: Table-perturb hash table entries: 65536 (order: 6, 262144 bytes, linear)
Dec  1 09:36:04 MyLinuxVM kernel: TCP established hash table entries: 131072 (order: 8, 1048576 bytes, linear)
Dec  1 09:36:04 MyLinuxVM kernel: TCP bind hash table entries: 65536 (order: 8, 1048576 bytes, linear)
Dec  1 09:36:04 MyLinuxVM kernel: TCP: Hash tables configured (established 131072 bind 65536)
Dec  1 09:36:04 MyLinuxVM kernel: MPTCP token hash table entries: 16384 (order: 6, 393216 bytes, linear)
Dec  1 09:36:04 MyLinuxVM kernel: UDP hash table entries: 8192 (order: 6, 262144 bytes, linear)
Dec  1 09:36:04 MyLinuxVM kernel: UDP-Lite hash table entries: 8192 (order: 6, 262144 bytes, linear)
Dec  1 09:36:04 MyLinuxVM kernel: NET: Registered PF_UNIX/PF_LOCAL protocol family
Dec  1 09:36:04 MyLinuxVM kernel: NET: Registered PF_XDP protocol family
Dec  1 09:36:04 MyLinuxVM kernel: pci_bus 0000:00: resource 4 [io  0x0000-0x0cf7 window]
Dec  1 09:36:04 MyLinuxVM kernel: pci_bus 0000:00: resource 5 [io  0x0d00-0xffff window]
Dec  1 09:36:04 MyLinuxVM kernel: pci_bus 0000:00: resource 6 [mem 0x000a0000-0x000bffff window]
Dec  1 09:36:04 MyLinuxVM kernel: pci_bus 0000:00: resource 7 [mem 0xe0000000-0xfdffffff window]
Dec  1 09:36:04 MyLinuxVM kernel: pci 0000:00:00.0: Limiting direct PCI/PCI transfers
Dec  1 09:36:04 MyLinuxVM kernel: PCI: CLS 0 bytes, default 64
Dec  1 09:36:04 MyLinuxVM kernel: PCI-DMA: Using software bounce buffering for IO (SWIOTLB)
Dec  1 09:36:04 MyLinuxVM kernel: software IO TLB: mapped [mem 0x00000000cb000000-0x00000000cf000000] (64MB)
Dec  1 09:36:04 MyLinuxVM kernel: ACPI: bus type thunderbolt registered
Dec  1 09:36:04 MyLinuxVM kernel: clocksource: tsc: mask: 0xffffffffffffffff max_cycles: 0x1e71768ef8b, max_idle_ns: 440795218977 ns
Dec  1 09:36:04 MyLinuxVM kernel: clocksource: Switched to clocksource tsc
Dec  1 09:36:04 MyLinuxVM kernel: Trying to unpack rootfs image as initramfs...
Dec  1 09:36:04 MyLinuxVM kernel: platform rtc_cmos: registered platform RTC device (no PNP device found)
Dec  1 09:36:04 MyLinuxVM kernel: Initialise system trusted keyrings
Dec  1 09:36:04 MyLinuxVM kernel: Key type blacklist registered
Dec  1 09:36:04 MyLinuxVM kernel: workingset: timestamp_bits=36 max_order=22 bucket_order=0
Dec  1 09:36:04 MyLinuxVM kernel: zbud: loaded
Dec  1 09:36:04 MyLinuxVM kernel: integrity: Platform Keyring initialized
Dec  1 09:36:04 MyLinuxVM kernel: integrity: Machine keyring initialized
Dec  1 09:36:04 MyLinuxVM kernel: NET: Registered PF_ALG protocol family
Dec  1 09:36:04 MyLinuxVM kernel: xor: automatically using best checksumming function   avx       
Dec  1 09:36:04 MyLinuxVM kernel: Key type asymmetric registered
Dec  1 09:36:04 MyLinuxVM kernel: Asymmetric key parser 'x509' registered
Dec  1 09:36:04 MyLinuxVM kernel: Running certificate verification selftests
Dec  1 09:36:04 MyLinuxVM kernel: Loaded X.509 cert 'Certificate verification self-testing key: f58703bb33ce1b73ee02eccdee5b8817518fe3db'
Dec  1 09:36:04 MyLinuxVM kernel: Block layer SCSI generic (bsg) driver version 0.4 loaded (major 246)
Dec  1 09:36:04 MyLinuxVM kernel: io scheduler mq-deadline registered
Dec  1 09:36:04 MyLinuxVM kernel: io scheduler kyber registered
Dec  1 09:36:04 MyLinuxVM kernel: io scheduler bfq registered
Dec  1 09:36:04 MyLinuxVM kernel: atomic64_test: passed for x86-64 platform with CX8 and with SSE
Dec  1 09:36:04 MyLinuxVM kernel: shpchp: Standard Hot Plug PCI Controller Driver version: 0.4
Dec  1 09:36:04 MyLinuxVM kernel: ACPI: AC: AC Adapter [AC] (on-line)
Dec  1 09:36:04 MyLinuxVM kernel: input: Power Button as /devices/LNXSYSTM:00/LNXPWRBN:00/input/input0
Dec  1 09:36:04 MyLinuxVM kernel: ACPI: button: Power Button [PWRF]
Dec  1 09:36:04 MyLinuxVM kernel: input: Sleep Button as /devices/LNXSYSTM:00/LNXSLPBN:00/input/input1
Dec  1 09:36:04 MyLinuxVM kernel: ACPI: button: Sleep Button [SLPF]
Dec  1 09:36:04 MyLinuxVM kernel: Serial: 8250/16550 driver, 4 ports, IRQ sharing enabled
Dec  1 09:36:04 MyLinuxVM kernel: Non-volatile memory driver v1.3
Dec  1 09:36:04 MyLinuxVM kernel: rdac: device handler registered
Dec  1 09:36:04 MyLinuxVM kernel: hp_sw: device handler registered
Dec  1 09:36:04 MyLinuxVM kernel: emc: device handler registered
Dec  1 09:36:04 MyLinuxVM kernel: alua: device handler registered
Dec  1 09:36:04 MyLinuxVM kernel: ehci-pci 0000:00:0b.0: EHCI Host Controller
Dec  1 09:36:04 MyLinuxVM kernel: ehci-pci 0000:00:0b.0: new USB bus registered, assigned bus number 1
Dec  1 09:36:04 MyLinuxVM kernel: ehci-pci 0000:00:0b.0: irq 19, io mem 0xf0805000
Dec  1 09:36:04 MyLinuxVM kernel: ehci-pci 0000:00:0b.0: USB 2.0 started, EHCI 1.00
Dec  1 09:36:04 MyLinuxVM kernel: usb usb1: New USB device found, idVendor=1d6b, idProduct=0002, bcdDevice= 5.14
Dec  1 09:36:04 MyLinuxVM kernel: usb usb1: New USB device strings: Mfr=3, Product=2, SerialNumber=1
Dec  1 09:36:04 MyLinuxVM kernel: usb usb1: Product: EHCI Host Controller
Dec  1 09:36:04 MyLinuxVM kernel: usb usb1: Manufacturer: Linux 5.14.0-533.el9.x86_64 ehci_hcd
Dec  1 09:36:04 MyLinuxVM kernel: usb usb1: SerialNumber: 0000:00:0b.0
Dec  1 09:36:04 MyLinuxVM kernel: hub 1-0:1.0: USB hub found
Dec  1 09:36:04 MyLinuxVM kernel: hub 1-0:1.0: 12 ports detected
Dec  1 09:36:04 MyLinuxVM kernel: ohci-pci 0000:00:06.0: OHCI PCI host controller
Dec  1 09:36:04 MyLinuxVM kernel: ohci-pci 0000:00:06.0: new USB bus registered, assigned bus number 2
Dec  1 09:36:04 MyLinuxVM kernel: ohci-pci 0000:00:06.0: irq 22, io mem 0xf0804000
Dec  1 09:36:04 MyLinuxVM kernel: usb usb2: New USB device found, idVendor=1d6b, idProduct=0001, bcdDevice= 5.14
Dec  1 09:36:04 MyLinuxVM kernel: usb usb2: New USB device strings: Mfr=3, Product=2, SerialNumber=1
Dec  1 09:36:04 MyLinuxVM kernel: usb usb2: Product: OHCI PCI host controller
Dec  1 09:36:04 MyLinuxVM kernel: usb usb2: Manufacturer: Linux 5.14.0-533.el9.x86_64 ohci_hcd
Dec  1 09:36:04 MyLinuxVM kernel: usb usb2: SerialNumber: 0000:00:06.0
Dec  1 09:36:04 MyLinuxVM kernel: hub 2-0:1.0: USB hub found
Dec  1 09:36:04 MyLinuxVM kernel: hub 2-0:1.0: 12 ports detected
Dec  1 09:36:04 MyLinuxVM kernel: usbcore: registered new interface driver usbserial_generic
Dec  1 09:36:04 MyLinuxVM kernel: usbserial: USB Serial support registered for generic
Dec  1 09:36:04 MyLinuxVM kernel: i8042: PNP: PS/2 Controller [PNP0303:PS2K,PNP0f03:PS2M] at 0x60,0x64 irq 1,12
Dec  1 09:36:04 MyLinuxVM kernel: serio: i8042 KBD port at 0x60,0x64 irq 1
Dec  1 09:36:04 MyLinuxVM kernel: serio: i8042 AUX port at 0x60,0x64 irq 12
Dec  1 09:36:04 MyLinuxVM kernel: mousedev: PS/2 mouse device common for all mice
Dec  1 09:36:04 MyLinuxVM kernel: input: AT Translated Set 2 keyboard as /devices/platform/i8042/serio0/input/input2
Dec  1 09:36:04 MyLinuxVM kernel: rtc_cmos rtc_cmos: registered as rtc0
Dec  1 09:36:04 MyLinuxVM kernel: rtc_cmos rtc_cmos: setting system clock to 2024-12-01T08:36:03 UTC (1733042163)
Dec  1 09:36:04 MyLinuxVM kernel: rtc_cmos rtc_cmos: alarms up to one day, 114 bytes nvram
Dec  1 09:36:04 MyLinuxVM kernel: intel_pstate: CPU model not supported
Dec  1 09:36:04 MyLinuxVM kernel: hid: raw HID events driver (C) Jiri Kosina
Dec  1 09:36:04 MyLinuxVM kernel: usbcore: registered new interface driver usbhid
Dec  1 09:36:04 MyLinuxVM kernel: usbhid: USB HID core driver
Dec  1 09:36:04 MyLinuxVM kernel: drop_monitor: Initializing network drop monitor service
Dec  1 09:36:04 MyLinuxVM kernel: Initializing XFRM netlink socket
Dec  1 09:36:04 MyLinuxVM kernel: NET: Registered PF_INET6 protocol family
Dec  1 09:36:04 MyLinuxVM kernel: input: ImExPS/2 Generic Explorer Mouse as /devices/platform/i8042/serio1/input/input4
Dec  1 09:36:04 MyLinuxVM kernel: Freeing initrd memory: 55624K
Dec  1 09:36:04 MyLinuxVM kernel: Segment Routing with IPv6
Dec  1 09:36:04 MyLinuxVM kernel: NET: Registered PF_PACKET protocol family
Dec  1 09:36:04 MyLinuxVM kernel: mpls_gso: MPLS GSO support
Dec  1 09:36:04 MyLinuxVM kernel: IPI shorthand broadcast: enabled
Dec  1 09:36:04 MyLinuxVM kernel: AVX2 version of gcm_enc/dec engaged.
Dec  1 09:36:04 MyLinuxVM kernel: AES CTR mode by8 optimization enabled
Dec  1 09:36:04 MyLinuxVM kernel: sched_clock: Marking stable (1487020866, 9853344)->(1649126891, -152252681)
Dec  1 09:36:04 MyLinuxVM kernel: registered taskstats version 1
Dec  1 09:36:04 MyLinuxVM kernel: Loading compiled-in X.509 certificates
Dec  1 09:36:04 MyLinuxVM kernel: Loaded X.509 cert 'The CentOS Project: CentOS Stream kernel signing key: 91f6622fdfbc2521911dcf4fab001927415d2897'
Dec  1 09:36:04 MyLinuxVM kernel: Loaded X.509 cert 'Red Hat Enterprise Linux Driver Update Program (key 3): bf57f3e87362bc7229d9f465321773dfd1f77a80'
Dec  1 09:36:04 MyLinuxVM kernel: Loaded X.509 cert 'Red Hat Enterprise Linux kpatch signing key: 4d38fd864ebe18c5f0b72e3852e2014c3a676fc8'
Dec  1 09:36:04 MyLinuxVM kernel: Loaded X.509 cert 'RH-IMA-CA: Red Hat IMA CA: fb31825dd0e073685b264e3038963673f753959a'
Dec  1 09:36:04 MyLinuxVM kernel: Loaded X.509 cert 'Nvidia GPU OOT signing 001: 55e1cef88193e60419f0b0ec379c49f77545acf0'
Dec  1 09:36:04 MyLinuxVM kernel: Demotion targets for Node 0: null
Dec  1 09:36:04 MyLinuxVM kernel: page_owner is disabled
Dec  1 09:36:04 MyLinuxVM kernel: Key type .fscrypt registered
Dec  1 09:36:04 MyLinuxVM kernel: Key type fscrypt-provisioning registered
Dec  1 09:36:04 MyLinuxVM kernel: Key type big_key registered
Dec  1 09:36:04 MyLinuxVM kernel: Key type encrypted registered
Dec  1 09:36:04 MyLinuxVM kernel: ima: No TPM chip found, activating TPM-bypass!
Dec  1 09:36:04 MyLinuxVM kernel: Loading compiled-in module X.509 certificates
Dec  1 09:36:04 MyLinuxVM kernel: Loaded X.509 cert 'The CentOS Project: CentOS Stream kernel signing key: 91f6622fdfbc2521911dcf4fab001927415d2897'
Dec  1 09:36:04 MyLinuxVM kernel: ima: Allocated hash algorithm: sha256
Dec  1 09:36:04 MyLinuxVM kernel: ima: No architecture policies found
Dec  1 09:36:04 MyLinuxVM kernel: evm: Initialising EVM extended attributes:
Dec  1 09:36:04 MyLinuxVM kernel: evm: security.selinux
Dec  1 09:36:04 MyLinuxVM kernel: evm: security.SMACK64 (disabled)
Dec  1 09:36:04 MyLinuxVM kernel: evm: security.SMACK64EXEC (disabled)
Dec  1 09:36:04 MyLinuxVM kernel: evm: security.SMACK64TRANSMUTE (disabled)
Dec  1 09:36:04 MyLinuxVM kernel: evm: security.SMACK64MMAP (disabled)
Dec  1 09:36:04 MyLinuxVM kernel: evm: security.apparmor (disabled)
Dec  1 09:36:04 MyLinuxVM kernel: evm: security.ima
Dec  1 09:36:04 MyLinuxVM kernel: evm: security.capability
Dec  1 09:36:04 MyLinuxVM kernel: evm: HMAC attrs: 0x1
Dec  1 09:36:04 MyLinuxVM kernel: usb 2-1: new full-speed USB device number 2 using ohci-pci
Dec  1 09:36:04 MyLinuxVM kernel: clk: Disabling unused clocks
Dec  1 09:36:04 MyLinuxVM kernel: Freeing unused decrypted memory: 2028K
Dec  1 09:36:04 MyLinuxVM kernel: Freeing unused kernel image (initmem) memory: 4020K
Dec  1 09:36:04 MyLinuxVM kernel: Write protecting the kernel read-only data: 30720k
Dec  1 09:36:04 MyLinuxVM kernel: Freeing unused kernel image (rodata/data gap) memory: 1136K
Dec  1 09:36:04 MyLinuxVM kernel: x86/mm: Checked W+X mappings: passed, no W+X pages found.
Dec  1 09:36:04 MyLinuxVM kernel: x86/mm: Checking user space page tables
Dec  1 09:36:04 MyLinuxVM kernel: x86/mm: Checked W+X mappings: passed, no W+X pages found.
Dec  1 09:36:04 MyLinuxVM kernel: Run /init as init process
Dec  1 09:36:04 MyLinuxVM systemd: systemd 252-48.el9 running in system mode (+PAM +AUDIT +SELINUX -APPARMOR +IMA +SMACK +SECCOMP +GCRYPT +GNUTLS +OPENSSL +ACL +BLKID +CURL +ELFUTILS +FIDO2 +IDN2 -IDN -IPTC +KMOD +LIBCRYPTSETUP +LIBFDISK +PCRE2 -PWQUALITY +P11KIT -QRENCODE +TPM2 +BZIP2 +LZ4 +XZ +ZLIB +ZSTD -BPF_FRAMEWORK +XKBCOMMON +UTMP +SYSVINIT default-hierarchy=unified)
Dec  1 09:36:04 MyLinuxVM systemd: Detected virtualization oracle.
Dec  1 09:36:04 MyLinuxVM systemd: Detected architecture x86-64.
Dec  1 09:36:04 MyLinuxVM systemd: Running in initrd.
Dec  1 09:36:04 MyLinuxVM systemd: Hostname set to <MyLinuxVM>.
Dec  1 09:36:04 MyLinuxVM systemd: Invalid DMI field header.
Dec  1 09:36:04 MyLinuxVM systemd: Queued start job for default target Initrd Default Target.
Dec  1 09:36:04 MyLinuxVM systemd: Created slice Slice /system/systemd-hibernate-resume.
Dec  1 09:36:04 MyLinuxVM systemd: Reached target Initrd /usr File System.
Dec  1 09:36:04 MyLinuxVM systemd: Reached target Slice Units.
Dec  1 09:36:04 MyLinuxVM systemd: Reached target Swaps.
Dec  1 09:36:04 MyLinuxVM systemd: Reached target Timer Units.
Dec  1 09:36:04 MyLinuxVM systemd: Listening on D-Bus System Message Bus Socket.
Dec  1 09:36:04 MyLinuxVM systemd: Listening on Journal Socket (/dev/log).
Dec  1 09:36:04 MyLinuxVM systemd: Listening on Journal Socket.
Dec  1 09:36:04 MyLinuxVM systemd: Listening on udev Control Socket.
Dec  1 09:36:04 MyLinuxVM systemd: Listening on udev Kernel Socket.
Dec  1 09:36:04 MyLinuxVM systemd: Reached target Socket Units.
Dec  1 09:36:04 MyLinuxVM systemd: Starting Create List of Static Device Nodes...
Dec  1 09:36:04 MyLinuxVM systemd: Starting Journal Service...
Dec  1 09:36:04 MyLinuxVM systemd: Starting Load Kernel Modules...
Dec  1 09:36:04 MyLinuxVM systemd: Starting Create System Users...
Dec  1 09:36:04 MyLinuxVM systemd: Starting Setup Virtual Console...
Dec  1 09:36:04 MyLinuxVM systemd: Finished Create List of Static Device Nodes.
Dec  1 09:36:04 MyLinuxVM systemd: Finished Create System Users.
Dec  1 09:36:04 MyLinuxVM systemd: Starting Create Static Device Nodes in /dev...
Dec  1 09:36:04 MyLinuxVM systemd: Finished Create Static Device Nodes in /dev.
Dec  1 09:36:04 MyLinuxVM kernel: fuse: init (API version 7.37)
Dec  1 09:36:04 MyLinuxVM systemd: Finished Load Kernel Modules.
Dec  1 09:36:04 MyLinuxVM systemd-journald[328]: Journal started
Dec  1 09:36:04 MyLinuxVM systemd-journald[328]: Runtime Journal (/run/log/journal/32a74cc588d24d0487faa86fa53503b4) is 8.0M, max 167.4M, 159.4M free.
Dec  1 09:36:04 MyLinuxVM systemd-sysusers[331]: Creating group 'nobody' with GID 65534.
Dec  1 09:36:04 MyLinuxVM systemd-sysusers[331]: Creating group 'users' with GID 100.
Dec  1 09:36:04 MyLinuxVM systemd-sysusers[331]: Creating group 'dbus' with GID 81.
Dec  1 09:36:04 MyLinuxVM systemd-sysusers[331]: Creating user 'dbus' (System Message Bus) with UID 81 and GID 81.
Dec  1 09:36:04 MyLinuxVM systemd-modules-load[330]: Inserted module 'fuse'
Dec  1 09:36:04 MyLinuxVM systemd-modules-load[330]: Module 'msr' is built in
Dec  1 09:36:04 MyLinuxVM systemd: Starting Apply Kernel Variables...
Dec  1 09:36:04 MyLinuxVM systemd: Started Journal Service.
Dec  1 09:36:04 MyLinuxVM systemd[1]: Starting Create Volatile Files and Directories...
Dec  1 09:36:04 MyLinuxVM systemd[1]: Finished Apply Kernel Variables.
Dec  1 09:36:04 MyLinuxVM systemd[1]: Finished Create Volatile Files and Directories.
Dec  1 09:36:04 MyLinuxVM kernel: usb 2-1: New USB device found, idVendor=80ee, idProduct=0021, bcdDevice= 1.00
Dec  1 09:36:04 MyLinuxVM kernel: usb 2-1: New USB device strings: Mfr=1, Product=3, SerialNumber=0
Dec  1 09:36:04 MyLinuxVM kernel: usb 2-1: Product: USB Tablet
Dec  1 09:36:04 MyLinuxVM kernel: usb 2-1: Manufacturer: VirtualBox
Dec  1 09:36:04 MyLinuxVM kernel: input: VirtualBox USB Tablet as /devices/pci0000:00/0000:00:06.0/usb2/2-1/2-1:1.0/0003:80EE:0021.0001/input/input5
Dec  1 09:36:04 MyLinuxVM kernel: hid-generic 0003:80EE:0021.0001: input,hidraw0: USB HID v1.10 Mouse [VirtualBox USB Tablet] on usb-0000:00:06.0-1/input0
Dec  1 09:36:04 MyLinuxVM systemd[1]: Finished Setup Virtual Console.
Dec  1 09:36:04 MyLinuxVM systemd[1]: dracut ask for additional cmdline parameters was skipped because no trigger condition checks were met.
Dec  1 09:36:04 MyLinuxVM systemd[1]: Starting dracut cmdline hook...
Dec  1 09:36:04 MyLinuxVM dracut-cmdline[354]: dracut-9 dracut-057-70.git20240819.el9
Dec  1 09:36:04 MyLinuxVM dracut-cmdline[354]: Using kernel command line parameters:    BOOT_IMAGE=(hd0,msdos1)/vmlinuz-5.14.0-533.el9.x86_64 root=/dev/mapper/cs-root ro crashkernel=1G-4G:192M,4G-64G:256M,64G-:512M resume=/dev/mapper/cs-swap rd.lvm.lv=cs/root rd.lvm.lv=cs/swap rhgb quiet
Dec  1 09:36:04 MyLinuxVM systemd[1]: Finished dracut cmdline hook.
Dec  1 09:36:04 MyLinuxVM systemd[1]: Starting dracut pre-udev hook...
Dec  1 09:36:04 MyLinuxVM kernel: device-mapper: core: CONFIG_IMA_DISABLE_HTABLE is disabled. Duplicate IMA measurements will not be recorded in the IMA log.
Dec  1 09:36:04 MyLinuxVM kernel: device-mapper: uevent: version 1.0.3
Dec  1 09:36:04 MyLinuxVM kernel: device-mapper: ioctl: 4.48.0-ioctl (2023-03-01) initialised: dm-devel@lists.linux.dev
Dec  1 09:36:04 MyLinuxVM systemd[1]: Finished dracut pre-udev hook.
Dec  1 09:36:04 MyLinuxVM systemd[1]: Starting Rule-based Manager for Device Events and Files...
Dec  1 09:36:04 MyLinuxVM systemd-udevd[466]: Using default interface naming scheme 'rhel-9.0'.
Dec  1 09:36:04 MyLinuxVM systemd[1]: Started Rule-based Manager for Device Events and Files.
Dec  1 09:36:04 MyLinuxVM systemd[1]: dracut pre-trigger hook was skipped because no trigger condition checks were met.
Dec  1 09:36:04 MyLinuxVM systemd[1]: Starting Coldplug All udev Devices...
Dec  1 09:36:04 MyLinuxVM systemd[1]: sys-module-fuse.device: Failed to enqueue SYSTEMD_WANTS= job, ignoring: Unit sys-fs-fuse-connections.mount not found.
Dec  1 09:36:04 MyLinuxVM systemd[1]: Finished Coldplug All udev Devices.
Dec  1 09:36:04 MyLinuxVM systemd[1]: nm-initrd.service was skipped because of an unmet condition check (ConditionPathExists=/run/NetworkManager/initrd/neednet).
Dec  1 09:36:04 MyLinuxVM systemd[1]: Reached target Network.
Dec  1 09:36:04 MyLinuxVM systemd[1]: nm-wait-online-initrd.service was skipped because of an unmet condition check (ConditionPathExists=/run/NetworkManager/initrd/neednet).
Dec  1 09:36:04 MyLinuxVM systemd[1]: Starting dracut initqueue hook...
Dec  1 09:36:04 MyLinuxVM systemd[1]: Starting Show Plymouth Boot Screen...
Dec  1 09:36:04 MyLinuxVM systemd[1]: Received SIGRTMIN+20 from PID 493 (plymouthd).
Dec  1 09:36:04 MyLinuxVM systemd[1]: Started Show Plymouth Boot Screen.
Dec  1 09:36:04 MyLinuxVM systemd[1]: Dispatch Password Requests to Console Directory Watch was skipped because of an unmet condition check (ConditionPathExists=!/run/plymouth/pid).
Dec  1 09:36:04 MyLinuxVM systemd[1]: Started Forward Password Requests to Plymouth Directory Watch.
Dec  1 09:36:04 MyLinuxVM systemd[1]: Reached target Path Units.
Dec  1 09:36:05 MyLinuxVM kernel: Warning: Unmaintained driver is detected: e1000
Dec  1 09:36:05 MyLinuxVM kernel: ACPI: bus type drm_connector registered
Dec  1 09:36:05 MyLinuxVM kernel: e1000: Intel(R) PRO/1000 Network Driver
Dec  1 09:36:05 MyLinuxVM kernel: e1000: Copyright (c) 1999-2006 Intel Corporation.
Dec  1 09:36:05 MyLinuxVM kernel: ACPI: video: Video Device [GFX0] (multi-head: yes  rom: no  post: no)
Dec  1 09:36:05 MyLinuxVM kernel: input: Video Bus as /devices/LNXSYSTM:00/LNXSYBUS:00/PNP0A03:00/LNXVIDEO:00/input/input6
Dec  1 09:36:05 MyLinuxVM kernel: scsi host0: ata_piix
Dec  1 09:36:05 MyLinuxVM kernel: scsi host1: ata_piix
Dec  1 09:36:05 MyLinuxVM kernel: ata1: PATA max UDMA/33 cmd 0x1f0 ctl 0x3f6 bmdma 0xd000 irq 14 lpm-pol 0
Dec  1 09:36:05 MyLinuxVM kernel: ata2: PATA max UDMA/33 cmd 0x170 ctl 0x376 bmdma 0xd008 irq 15 lpm-pol 0
Dec  1 09:36:05 MyLinuxVM kernel: ahci 0000:00:0d.0: SSS flag set, parallel bus scan disabled
Dec  1 09:36:05 MyLinuxVM kernel: ahci 0000:00:0d.0: AHCI vers 0001.0100, 32 command slots, 3 Gbps, SATA mode
Dec  1 09:36:05 MyLinuxVM kernel: ahci 0000:00:0d.0: 1/1 ports implemented (port mask 0x1)
Dec  1 09:36:05 MyLinuxVM kernel: ahci 0000:00:0d.0: flags: 64bit ncq stag only ccc 
Dec  1 09:36:05 MyLinuxVM kernel: scsi host2: ahci
Dec  1 09:36:05 MyLinuxVM kernel: ata3: SATA max UDMA/133 abar m8192@0xf0806000 port 0xf0806100 irq 21 lpm-pol 0
Dec  1 09:36:05 MyLinuxVM kernel: ata2.00: ATAPI: VBOX CD-ROM, 1.0, max UDMA/133
Dec  1 09:36:05 MyLinuxVM kernel: scsi 1:0:0:0: CD-ROM            VBOX     CD-ROM           1.0  PQ: 0 ANSI: 5
Dec  1 09:36:05 MyLinuxVM kernel: e1000 0000:00:03.0 eth0: (PCI:33MHz:32-bit) 08:00:27:12:94:3f
Dec  1 09:36:05 MyLinuxVM kernel: e1000 0000:00:03.0 eth0: Intel(R) PRO/1000 Network Connection
Dec  1 09:36:05 MyLinuxVM kernel: ata3: SATA link up 3.0 Gbps (SStatus 123 SControl 300)
Dec  1 09:36:05 MyLinuxVM kernel: ata3.00: ATA-6: VBOX HARDDISK, 1.0, max UDMA/133
Dec  1 09:36:05 MyLinuxVM kernel: ata3.00: 167772160 sectors, multi 128: LBA48 NCQ (depth 32)
Dec  1 09:36:05 MyLinuxVM kernel: ata3.00: configured for UDMA/133
Dec  1 09:36:05 MyLinuxVM kernel: scsi 2:0:0:0: Direct-Access     ATA      VBOX HARDDISK    1.0  PQ: 0 ANSI: 5
Dec  1 09:36:05 MyLinuxVM kernel: e1000 0000:00:03.0 enp0s3: renamed from eth0
Dec  1 09:36:05 MyLinuxVM kernel: scsi 1:0:0:0: Attached scsi generic sg0 type 5
Dec  1 09:36:05 MyLinuxVM kernel: scsi 2:0:0:0: Attached scsi generic sg1 type 0
Dec  1 09:36:05 MyLinuxVM kernel: sd 2:0:0:0: [sda] 167772160 512-byte logical blocks: (85.9 GB/80.0 GiB)
Dec  1 09:36:05 MyLinuxVM kernel: sd 2:0:0:0: [sda] Write Protect is off
Dec  1 09:36:05 MyLinuxVM kernel: sd 2:0:0:0: [sda] Write cache: enabled, read cache: enabled, doesn't support DPO or FUA
Dec  1 09:36:05 MyLinuxVM kernel: sd 2:0:0:0: [sda] Preferred minimum I/O size 512 bytes
Dec  1 09:36:05 MyLinuxVM kernel: vmwgfx 0000:00:02.0: vgaarb: deactivate vga console
Dec  1 09:36:05 MyLinuxVM kernel: Console: switching to colour dummy device 80x25
Dec  1 09:36:05 MyLinuxVM kernel: sda: sda1 sda2
Dec  1 09:36:05 MyLinuxVM kernel: vmwgfx 0000:00:02.0: [drm] FIFO at 0x00000000f0000000 size is 2048 kiB
Dec  1 09:36:05 MyLinuxVM kernel: vmwgfx 0000:00:02.0: [drm] VRAM at 0x00000000e0000000 size is 16384 kiB
Dec  1 09:36:05 MyLinuxVM kernel: vmwgfx 0000:00:02.0: [drm] Running on SVGA version 2.
Dec  1 09:36:05 MyLinuxVM kernel: vmwgfx 0000:00:02.0: [drm] Capabilities: rect copy, cursor, cursor bypass, cursor bypass 2, alpha cursor, extended fifo, pitchlock, irq mask, gmr, traces, gmr2, screen object 2, command buffers, 
Dec  1 09:36:05 MyLinuxVM kernel: vmwgfx 0000:00:02.0: [drm] *ERROR* vmwgfx seems to be running on an unsupported hypervisor.
Dec  1 09:36:05 MyLinuxVM kernel: vmwgfx 0000:00:02.0: [drm] *ERROR* This configuration is likely broken.
Dec  1 09:36:05 MyLinuxVM kernel: vmwgfx 0000:00:02.0: [drm] *ERROR* Please switch to a supported graphics device to avoid problems.
Dec  1 09:36:05 MyLinuxVM kernel: vmwgfx 0000:00:02.0: [drm] DMA map mode: Caching DMA mappings.
Dec  1 09:36:05 MyLinuxVM kernel: vmwgfx 0000:00:02.0: [drm] Legacy memory limits: VRAM = 16384 kB, FIFO = 2048 kB, surface = 507904 kB
Dec  1 09:36:05 MyLinuxVM kernel: vmwgfx 0000:00:02.0: [drm] MOB limits: max mob size = 0 kB, max mob pages = 0
Dec  1 09:36:05 MyLinuxVM kernel: vmwgfx 0000:00:02.0: [drm] Max GMR ids is 8192
Dec  1 09:36:05 MyLinuxVM kernel: vmwgfx 0000:00:02.0: [drm] Max number of GMR pages is 1048576
Dec  1 09:36:05 MyLinuxVM kernel: vmwgfx 0000:00:02.0: [drm] Maximum display memory size is 16384 kiB
Dec  1 09:36:05 MyLinuxVM kernel: sd 2:0:0:0: [sda] Attached SCSI disk
Dec  1 09:36:05 MyLinuxVM kernel: vmwgfx 0000:00:02.0: [drm] Screen Object display unit initialized
Dec  1 09:36:05 MyLinuxVM kernel: vmwgfx 0000:00:02.0: [drm] Fifo max 0x00200000 min 0x00001000 cap 0x00000355
Dec  1 09:36:05 MyLinuxVM kernel: vmwgfx 0000:00:02.0: [drm] Using command buffers with DMA pool.
Dec  1 09:36:05 MyLinuxVM kernel: vmwgfx 0000:00:02.0: [drm] Available shader model: Legacy.
Dec  1 09:36:05 MyLinuxVM kernel: [drm] Initialized vmwgfx 2.20.0 20211206 for 0000:00:02.0 on minor 0
Dec  1 09:36:05 MyLinuxVM kernel: fbcon: vmwgfxdrmfb (fb0) is primary device
Dec  1 09:36:05 MyLinuxVM kernel: Console: switching to colour frame buffer device 160x50
Dec  1 09:36:05 MyLinuxVM kernel: vmwgfx 0000:00:02.0: [drm] fb0: vmwgfxdrmfb frame buffer device
Dec  1 09:36:05 MyLinuxVM kernel: sr 1:0:0:0: [sr0] scsi3-mmc drive: 32x/32x xa/form2 tray
Dec  1 09:36:05 MyLinuxVM kernel: cdrom: Uniform CD-ROM driver Revision: 3.20
Dec  1 09:36:06 MyLinuxVM dracut-initqueue[602]: Scanning devices sda2  for LVM logical volumes cs/root
Dec  1 09:36:06 MyLinuxVM dracut-initqueue[602]: cs/swap
Dec  1 09:36:06 MyLinuxVM dracut-initqueue[602]:  cs/root linear
Dec  1 09:36:06 MyLinuxVM dracut-initqueue[602]:  cs/swap linear
Dec  1 09:36:06 MyLinuxVM systemd[1]: Found device /dev/mapper/cs-root.
Dec  1 09:36:06 MyLinuxVM systemd[1]: Reached target Initrd Root Device.
Dec  1 09:36:06 MyLinuxVM systemd[1]: Found device /dev/mapper/cs-swap.
Dec  1 09:36:06 MyLinuxVM systemd[1]: Starting Resume from hibernation using device /dev/mapper/cs-swap...
Dec  1 09:36:06 MyLinuxVM systemd-hibernate-resume[638]: Could not resume from '/dev/mapper/cs-swap' (253:1).
Dec  1 09:36:06 MyLinuxVM systemd[1]: systemd-hibernate-resume@dev-mapper-cs\x2dswap.service: Deactivated successfully.
Dec  1 09:36:06 MyLinuxVM systemd[1]: Finished Resume from hibernation using device /dev/mapper/cs-swap.
Dec  1 09:36:06 MyLinuxVM systemd[1]: Reached target Preparation for Local File Systems.
Dec  1 09:36:06 MyLinuxVM systemd[1]: Reached target Local File Systems.
Dec  1 09:36:06 MyLinuxVM systemd[1]: Reached target System Initialization.
Dec  1 09:36:06 MyLinuxVM systemd[1]: Reached target Basic System.
Dec  1 09:36:06 MyLinuxVM systemd[1]: Finished dracut initqueue hook.
Dec  1 09:36:06 MyLinuxVM systemd[1]: Reached target Preparation for Remote File Systems.
Dec  1 09:36:06 MyLinuxVM systemd[1]: Reached target Remote File Systems.
Dec  1 09:36:06 MyLinuxVM systemd[1]: dracut pre-mount hook was skipped because no trigger condition checks were met.
Dec  1 09:36:06 MyLinuxVM systemd[1]: Starting File System Check on /dev/mapper/cs-root...
Dec  1 09:36:06 MyLinuxVM systemd-fsck[652]: /usr/sbin/fsck.xfs: XFS file system.
Dec  1 09:36:06 MyLinuxVM systemd[1]: Finished File System Check on /dev/mapper/cs-root.
Dec  1 09:36:06 MyLinuxVM systemd[1]: Mounting /sysroot...
Dec  1 09:36:07 MyLinuxVM kernel: SGI XFS with ACLs, security attributes, scrub, quota, no debug enabled
Dec  1 09:36:07 MyLinuxVM kernel: XFS (dm-0): Mounting V5 Filesystem 9b306226-2adc-4696-a1ef-34e7344d7ce6
Dec  1 09:36:07 MyLinuxVM kernel: XFS (dm-0): Ending clean mount
Dec  1 09:36:07 MyLinuxVM systemd[1]: Mounted /sysroot.
Dec  1 09:36:07 MyLinuxVM systemd[1]: Reached target Initrd Root File System.
Dec  1 09:36:07 MyLinuxVM systemd[1]: Starting Mountpoints Configured in the Real Root...
Dec  1 09:36:07 MyLinuxVM systemd[1]: initrd-parse-etc.service: Deactivated successfully.
Dec  1 09:36:07 MyLinuxVM systemd[1]: Finished Mountpoints Configured in the Real Root.
Dec  1 09:36:07 MyLinuxVM systemd[1]: Reached target Initrd File Systems.
Dec  1 09:36:07 MyLinuxVM systemd[1]: Reached target Initrd Default Target.
Dec  1 09:36:07 MyLinuxVM systemd[1]: dracut mount hook was skipped because no trigger condition checks were met.
Dec  1 09:36:07 MyLinuxVM systemd[1]: Starting dracut pre-pivot and cleanup hook...
Dec  1 09:36:07 MyLinuxVM systemd[1]: Finished dracut pre-pivot and cleanup hook.
Dec  1 09:36:07 MyLinuxVM systemd[1]: Starting Cleaning Up and Shutting Down Daemons...
Dec  1 09:36:07 MyLinuxVM systemd[1]: Stopped target Network.
Dec  1 09:36:07 MyLinuxVM systemd[1]: Stopped target Timer Units.
Dec  1 09:36:07 MyLinuxVM systemd[1]: dbus.socket: Deactivated successfully.
Dec  1 09:36:07 MyLinuxVM systemd[1]: Closed D-Bus System Message Bus Socket.
Dec  1 09:36:07 MyLinuxVM systemd[1]: dracut-pre-pivot.service: Deactivated successfully.
Dec  1 09:36:07 MyLinuxVM systemd[1]: Stopped dracut pre-pivot and cleanup hook.
Dec  1 09:36:07 MyLinuxVM systemd[1]: Stopped target Initrd Default Target.
Dec  1 09:36:07 MyLinuxVM systemd[1]: Stopped target Basic System.
Dec  1 09:36:07 MyLinuxVM systemd[1]: Stopped target Initrd Root Device.
Dec  1 09:36:07 MyLinuxVM systemd[1]: Stopped target Initrd /usr File System.
Dec  1 09:36:07 MyLinuxVM systemd[1]: Stopped target Path Units.
Dec  1 09:36:07 MyLinuxVM systemd[1]: Stopped target Remote File Systems.
Dec  1 09:36:07 MyLinuxVM systemd[1]: Stopped target Preparation for Remote File Systems.
Dec  1 09:36:07 MyLinuxVM systemd[1]: Stopped target Slice Units.
Dec  1 09:36:07 MyLinuxVM systemd[1]: Stopped target Socket Units.
Dec  1 09:36:07 MyLinuxVM systemd[1]: Stopped target System Initialization.
Dec  1 09:36:07 MyLinuxVM systemd[1]: Stopped target Local File Systems.
Dec  1 09:36:07 MyLinuxVM systemd[1]: Stopped target Preparation for Local File Systems.
Dec  1 09:36:07 MyLinuxVM systemd[1]: Stopped target Swaps.
Dec  1 09:36:07 MyLinuxVM systemd[1]: dracut-initqueue.service: Deactivated successfully.
Dec  1 09:36:07 MyLinuxVM systemd[1]: Stopped dracut initqueue hook.
Dec  1 09:36:07 MyLinuxVM systemd[1]: Starting Plymouth switch root service...
Dec  1 09:36:07 MyLinuxVM systemd[1]: systemd-sysctl.service: Deactivated successfully.
Dec  1 09:36:07 MyLinuxVM systemd[1]: Stopped Apply Kernel Variables.
Dec  1 09:36:07 MyLinuxVM systemd[1]: systemd-modules-load.service: Deactivated successfully.
Dec  1 09:36:07 MyLinuxVM systemd[1]: Stopped Load Kernel Modules.
Dec  1 09:36:07 MyLinuxVM systemd[1]: systemd-tmpfiles-setup.service: Deactivated successfully.
Dec  1 09:36:07 MyLinuxVM systemd[1]: Stopped Create Volatile Files and Directories.
Dec  1 09:36:07 MyLinuxVM systemd[1]: systemd-udev-trigger.service: Deactivated successfully.
Dec  1 09:36:07 MyLinuxVM systemd[1]: Stopped Coldplug All udev Devices.
Dec  1 09:36:07 MyLinuxVM systemd[1]: Stopping Rule-based Manager for Device Events and Files...
Dec  1 09:36:07 MyLinuxVM systemd[1]: run-credentials-systemd\x2dtmpfiles\x2dsetup.service.mount: Deactivated successfully.
Dec  1 09:36:07 MyLinuxVM systemd[1]: run-credentials-systemd\x2dsysctl.service.mount: Deactivated successfully.
Dec  1 09:36:07 MyLinuxVM systemd[1]: systemd-udevd.service: Deactivated successfully.
Dec  1 09:36:07 MyLinuxVM systemd[1]: Stopped Rule-based Manager for Device Events and Files.
Dec  1 09:36:07 MyLinuxVM systemd[1]: systemd-udevd.service: Consumed 2.670s CPU time.
Dec  1 09:36:07 MyLinuxVM systemd[1]: systemd-udevd-control.socket: Deactivated successfully.
Dec  1 09:36:07 MyLinuxVM systemd[1]: Closed udev Control Socket.
Dec  1 09:36:07 MyLinuxVM systemd[1]: systemd-udevd-kernel.socket: Deactivated successfully.
Dec  1 09:36:07 MyLinuxVM systemd[1]: Closed udev Kernel Socket.
Dec  1 09:36:07 MyLinuxVM systemd[1]: dracut-pre-udev.service: Deactivated successfully.
Dec  1 09:36:07 MyLinuxVM systemd[1]: Stopped dracut pre-udev hook.
Dec  1 09:36:07 MyLinuxVM systemd[1]: dracut-cmdline.service: Deactivated successfully.
Dec  1 09:36:07 MyLinuxVM systemd[1]: Stopped dracut cmdline hook.
Dec  1 09:36:07 MyLinuxVM systemd[1]: Starting Cleanup udev Database...
Dec  1 09:36:07 MyLinuxVM systemd[1]: systemd-tmpfiles-setup-dev.service: Deactivated successfully.
Dec  1 09:36:07 MyLinuxVM systemd[1]: Stopped Create Static Device Nodes in /dev.
Dec  1 09:36:07 MyLinuxVM systemd[1]: kmod-static-nodes.service: Deactivated successfully.
Dec  1 09:36:07 MyLinuxVM systemd[1]: Stopped Create List of Static Device Nodes.
Dec  1 09:36:07 MyLinuxVM systemd[1]: systemd-sysusers.service: Deactivated successfully.
Dec  1 09:36:07 MyLinuxVM systemd[1]: Stopped Create System Users.
Dec  1 09:36:07 MyLinuxVM systemd[1]: initrd-cleanup.service: Deactivated successfully.
Dec  1 09:36:07 MyLinuxVM systemd[1]: Finished Cleaning Up and Shutting Down Daemons.
Dec  1 09:36:07 MyLinuxVM systemd[1]: initrd-udevadm-cleanup-db.service: Deactivated successfully.
Dec  1 09:36:07 MyLinuxVM systemd[1]: Finished Cleanup udev Database.
Dec  1 09:36:07 MyLinuxVM systemd[1]: Reached target Switch Root.
Dec  1 09:36:07 MyLinuxVM systemd[1]: Finished Plymouth switch root service.
Dec  1 09:36:07 MyLinuxVM systemd[1]: Starting Switch Root...
Dec  1 09:36:07 MyLinuxVM systemd[1]: Switching root.
Dec  1 09:36:07 MyLinuxVM systemd-journald[328]: Journal stopped
Dec  1 09:36:07 MyLinuxVM systemd-journald: Received SIGTERM from PID 1 (systemd).
Dec  1 09:36:07 MyLinuxVM kernel: audit: type=1404 audit(1733042167.505:2): enforcing=1 old_enforcing=0 auid=4294967295 ses=4294967295 enabled=1 old-enabled=1 lsm=selinux res=1
Dec  1 09:36:07 MyLinuxVM kernel: SELinux:  policy capability network_peer_controls=1
Dec  1 09:36:07 MyLinuxVM kernel: SELinux:  policy capability open_perms=1
Dec  1 09:36:07 MyLinuxVM kernel: SELinux:  policy capability extended_socket_class=1
Dec  1 09:36:07 MyLinuxVM kernel: SELinux:  policy capability always_check_network=0
Dec  1 09:36:07 MyLinuxVM kernel: SELinux:  policy capability cgroup_seclabel=1
Dec  1 09:36:07 MyLinuxVM kernel: SELinux:  policy capability nnp_nosuid_transition=1
Dec  1 09:36:07 MyLinuxVM kernel: SELinux:  policy capability genfs_seclabel_symlinks=1
Dec  1 09:36:07 MyLinuxVM kernel: audit: type=1403 audit(1733042167.566:3): auid=4294967295 ses=4294967295 lsm=selinux res=1
Dec  1 09:36:07 MyLinuxVM systemd: Successfully loaded SELinux policy in 66.028ms.
Dec  1 09:36:07 MyLinuxVM systemd: Relabelled /dev, /dev/shm, /run, /sys/fs/cgroup in 17.989ms.
Dec  1 09:36:07 MyLinuxVM systemd: systemd 252-48.el9 running in system mode (+PAM +AUDIT +SELINUX -APPARMOR +IMA +SMACK +SECCOMP +GCRYPT +GNUTLS +OPENSSL +ACL +BLKID +CURL +ELFUTILS +FIDO2 +IDN2 -IDN -IPTC +KMOD +LIBCRYPTSETUP +LIBFDISK +PCRE2 -PWQUALITY +P11KIT -QRENCODE +TPM2 +BZIP2 +LZ4 +XZ +ZLIB +ZSTD -BPF_FRAMEWORK +XKBCOMMON +UTMP +SYSVINIT default-hierarchy=unified)
Dec  1 09:36:07 MyLinuxVM systemd: Detected virtualization oracle.
Dec  1 09:36:07 MyLinuxVM systemd: Detected architecture x86-64.
Dec  1 09:36:07 MyLinuxVM systemd: Invalid DMI field header.
Dec  1 09:36:07 MyLinuxVM systemd-rc-local-generator: /etc/rc.d/rc.local is not marked executable, skipping.
Dec  1 09:36:07 MyLinuxVM systemd: initrd-switch-root.service: Deactivated successfully.
Dec  1 09:36:07 MyLinuxVM systemd: Stopped Switch Root.
Dec  1 09:36:07 MyLinuxVM systemd: systemd-journald.service: Scheduled restart job, restart counter is at 1.
Dec  1 09:36:07 MyLinuxVM systemd: Created slice Slice /system/getty.
Dec  1 09:36:07 MyLinuxVM systemd: Created slice Slice /system/modprobe.
Dec  1 09:36:07 MyLinuxVM systemd: Created slice Slice /system/sshd-keygen.
Dec  1 09:36:07 MyLinuxVM systemd: Created slice User and Session Slice.
Dec  1 09:36:07 MyLinuxVM systemd: Dispatch Password Requests to Console Directory Watch was skipped because of an unmet condition check (ConditionPathExists=!/run/plymouth/pid).
Dec  1 09:36:07 MyLinuxVM systemd: Started Forward Password Requests to Wall Directory Watch.
Dec  1 09:36:07 MyLinuxVM systemd: Set up automount Arbitrary Executable File Formats File System Automount Point.
Dec  1 09:36:07 MyLinuxVM systemd: Reached target Local Encrypted Volumes.
Dec  1 09:36:07 MyLinuxVM systemd: Reached target Login Prompts.
Dec  1 09:36:07 MyLinuxVM systemd: Stopped target Switch Root.
Dec  1 09:36:07 MyLinuxVM systemd: Stopped target Initrd File Systems.
Dec  1 09:36:07 MyLinuxVM systemd: Stopped target Initrd Root File System.
Dec  1 09:36:07 MyLinuxVM systemd: Reached target Local Integrity Protected Volumes.
Dec  1 09:36:07 MyLinuxVM systemd: Reached target Remote File Systems.
Dec  1 09:36:07 MyLinuxVM systemd: Reached target Slice Units.
Dec  1 09:36:07 MyLinuxVM systemd: Reached target Local Verity Protected Volumes.
Dec  1 09:36:07 MyLinuxVM systemd: Listening on Device-mapper event daemon FIFOs.
Dec  1 09:36:07 MyLinuxVM systemd: Listening on LVM2 poll daemon socket.
Dec  1 09:36:07 MyLinuxVM systemd: multipathd control socket was skipped because of an unmet condition check (ConditionPathExists=/etc/multipath.conf).
Dec  1 09:36:07 MyLinuxVM systemd: Listening on Process Core Dump Socket.
Dec  1 09:36:07 MyLinuxVM systemd: Listening on initctl Compatibility Named Pipe.
Dec  1 09:36:07 MyLinuxVM systemd: Listening on udev Control Socket.
Dec  1 09:36:07 MyLinuxVM systemd: Listening on udev Kernel Socket.
Dec  1 09:36:07 MyLinuxVM systemd: Activating swap /dev/mapper/cs-swap...
Dec  1 09:36:07 MyLinuxVM systemd: Mounting Huge Pages File System...
Dec  1 09:36:07 MyLinuxVM systemd: Mounting POSIX Message Queue File System...
Dec  1 09:36:07 MyLinuxVM systemd: Mounting Kernel Debug File System...
Dec  1 09:36:07 MyLinuxVM systemd: Mounting Kernel Trace File System...
Dec  1 09:36:07 MyLinuxVM kernel: Adding 4485116k swap on /dev/mapper/cs-swap.  Priority:-2 extents:1 across:4485116k 
Dec  1 09:36:07 MyLinuxVM systemd: iscsi-starter.service was skipped because of an unmet condition check (ConditionDirectoryNotEmpty=/var/lib/iscsi/nodes).
Dec  1 09:36:07 MyLinuxVM systemd: Starting Create List of Static Device Nodes...
Dec  1 09:36:07 MyLinuxVM systemd: Starting Monitoring of LVM2 mirrors, snapshots etc. using dmeventd or progress polling...
Dec  1 09:36:07 MyLinuxVM systemd: Starting Load Kernel Module configfs...
Dec  1 09:36:07 MyLinuxVM systemd: Starting Load Kernel Module drm...
Dec  1 09:36:07 MyLinuxVM systemd: Starting Load Kernel Module efi_pstore...
Dec  1 09:36:07 MyLinuxVM systemd: Starting Load Kernel Module fuse...
Dec  1 09:36:07 MyLinuxVM systemd: Starting Read and set NIS domainname from /etc/sysconfig/network...
Dec  1 09:36:07 MyLinuxVM systemd: plymouth-switch-root.service: Deactivated successfully.
Dec  1 09:36:07 MyLinuxVM systemd: Stopped Plymouth switch root service.
Dec  1 09:36:07 MyLinuxVM systemd: systemd-fsck-root.service: Deactivated successfully.
Dec  1 09:36:07 MyLinuxVM systemd: Stopped File System Check on Root Device.
Dec  1 09:36:07 MyLinuxVM systemd: Stopped Journal Service.
Dec  1 09:36:07 MyLinuxVM systemd: Starting Journal Service...
Dec  1 09:36:07 MyLinuxVM systemd: Starting Load Kernel Modules...
Dec  1 09:36:07 MyLinuxVM systemd: Starting Generate network units from Kernel command line...
Dec  1 09:36:07 MyLinuxVM systemd: TPM2 PCR Machine ID Measurement was skipped because of an unmet condition check (ConditionPathExists=/sys/firmware/efi/efivars/StubPcrKernelImage-4a67b082-0a4c-41cf-b6c7-440b29bb8c4f).
Dec  1 09:36:07 MyLinuxVM systemd: Starting Remount Root and Kernel File Systems...
Dec  1 09:36:07 MyLinuxVM systemd: Repartition Root Disk was skipped because no trigger condition checks were met.
Dec  1 09:36:07 MyLinuxVM systemd: Starting Coldplug All udev Devices...
Dec  1 09:36:07 MyLinuxVM systemd: Activated swap /dev/mapper/cs-swap.
Dec  1 09:36:07 MyLinuxVM systemd: Mounted Huge Pages File System.
Dec  1 09:36:07 MyLinuxVM systemd: Mounted POSIX Message Queue File System.
Dec  1 09:36:07 MyLinuxVM systemd: Mounted Kernel Debug File System.
Dec  1 09:36:07 MyLinuxVM systemd: Mounted Kernel Trace File System.
Dec  1 09:36:07 MyLinuxVM systemd: Finished Create List of Static Device Nodes.
Dec  1 09:36:07 MyLinuxVM systemd: modprobe@configfs.service: Deactivated successfully.
Dec  1 09:36:07 MyLinuxVM systemd: Finished Load Kernel Module configfs.
Dec  1 09:36:07 MyLinuxVM systemd: modprobe@drm.service: Deactivated successfully.
Dec  1 09:36:07 MyLinuxVM systemd: Finished Load Kernel Module drm.
Dec  1 09:36:07 MyLinuxVM systemd: modprobe@efi_pstore.service: Deactivated successfully.
Dec  1 09:36:07 MyLinuxVM systemd: Finished Load Kernel Module efi_pstore.
Dec  1 09:36:07 MyLinuxVM systemd: modprobe@fuse.service: Deactivated successfully.
Dec  1 09:36:07 MyLinuxVM systemd: Finished Load Kernel Module fuse.
Dec  1 09:36:07 MyLinuxVM systemd: Finished Read and set NIS domainname from /etc/sysconfig/network.
Dec  1 09:36:07 MyLinuxVM systemd: Finished Load Kernel Modules.
Dec  1 09:36:07 MyLinuxVM systemd: Finished Generate network units from Kernel command line.
Dec  1 09:36:07 MyLinuxVM systemd: Finished Remount Root and Kernel File Systems.
Dec  1 09:36:07 MyLinuxVM systemd: Reached target Swaps.
Dec  1 09:36:07 MyLinuxVM systemd-journald[739]: Journal started
Dec  1 09:36:07 MyLinuxVM systemd-journald[739]: Runtime Journal (/run/log/journal/32a74cc588d24d0487faa86fa53503b4) is 8.0M, max 167.4M, 159.4M free.
Dec  1 09:36:07 MyLinuxVM systemd[1]: Queued start job for default target Graphical Interface.
Dec  1 09:36:07 MyLinuxVM systemd[1]: systemd-journald.service: Deactivated successfully.
Dec  1 09:36:07 MyLinuxVM systemd-modules-load[740]: Module 'msr' is built in
Dec  1 09:36:07 MyLinuxVM lvm[733]:  2 logical volume(s) in volume group "cs" monitored
Dec  1 09:36:08 MyLinuxVM systemd: Mounting FUSE Control File System...
Dec  1 09:36:08 MyLinuxVM systemd: Mounting Kernel Configuration File System...
Dec  1 09:36:08 MyLinuxVM systemd: Special handling of early boot iSCSI sessions was skipped because of an unmet condition check (ConditionDirectoryNotEmpty=/sys/class/iscsi_session).
Dec  1 09:36:08 MyLinuxVM systemd: OSTree Remount OS/ Bind Mounts was skipped because of an unmet condition check (ConditionKernelCommandLine=ostree).
Dec  1 09:36:08 MyLinuxVM systemd: First Boot Wizard was skipped because of an unmet condition check (ConditionFirstBoot=yes).
Dec  1 09:36:08 MyLinuxVM systemd: Rebuild Hardware Database was skipped because of an unmet condition check (ConditionNeedsUpdate=/etc).
Dec  1 09:36:08 MyLinuxVM systemd: Platform Persistent Storage Archival was skipped because of an unmet condition check (ConditionDirectoryNotEmpty=/sys/fs/pstore).
Dec  1 09:36:08 MyLinuxVM systemd: Starting Load/Save OS Random Seed...
Dec  1 09:36:08 MyLinuxVM systemd: Starting Apply Kernel Variables...
Dec  1 09:36:08 MyLinuxVM systemd: Create System Users was skipped because no trigger condition checks were met.
Dec  1 09:36:08 MyLinuxVM systemd: Starting Create Static Device Nodes in /dev...
Dec  1 09:36:08 MyLinuxVM systemd: Started Journal Service.
Dec  1 09:36:08 MyLinuxVM systemd[1]: Finished Monitoring of LVM2 mirrors, snapshots etc. using dmeventd or progress polling.
Dec  1 09:36:08 MyLinuxVM systemd[1]: Finished Coldplug All udev Devices.
Dec  1 09:36:08 MyLinuxVM systemd[1]: Mounted FUSE Control File System.
Dec  1 09:36:08 MyLinuxVM systemd[1]: Mounted Kernel Configuration File System.
Dec  1 09:36:08 MyLinuxVM systemd[1]: Starting Flush Journal to Persistent Storage...
Dec  1 09:36:08 MyLinuxVM systemd[1]: Starting Wait for udev To Complete Device Initialization...
Dec  1 09:36:08 MyLinuxVM systemd[1]: Finished Load/Save OS Random Seed.
Dec  1 09:36:08 MyLinuxVM systemd-journald[739]: Runtime Journal (/run/log/journal/32a74cc588d24d0487faa86fa53503b4) is 8.0M, max 167.4M, 159.4M free.
Dec  1 09:36:08 MyLinuxVM systemd-journald[739]: Received client request to flush runtime journal.
Dec  1 09:36:08 MyLinuxVM systemd[1]: Finished Apply Kernel Variables.
Dec  1 09:36:08 MyLinuxVM systemd[1]: Finished Flush Journal to Persistent Storage.
Dec  1 09:36:08 MyLinuxVM systemd[1]: First Boot Complete was skipped because of an unmet condition check (ConditionFirstBoot=yes).
Dec  1 09:36:08 MyLinuxVM udevadm[756]: systemd-udev-settle.service is deprecated. Please fix multipathd.service not to pull it in.
Dec  1 09:36:08 MyLinuxVM systemd[1]: Finished Create Static Device Nodes in /dev.
Dec  1 09:36:09 MyLinuxVM systemd[1]: Starting Rule-based Manager for Device Events and Files...
Dec  1 09:36:09 MyLinuxVM systemd-udevd[757]: Using default interface naming scheme 'rhel-9.0'.
Dec  1 09:36:09 MyLinuxVM systemd[1]: Started Rule-based Manager for Device Events and Files.
Dec  1 09:36:09 MyLinuxVM systemd[1]: Auto-connect to subsystems on FC-NVME devices found during boot was skipped because of an unmet condition check (ConditionPathExists=/sys/class/fc/fc_udev_device/nvme_discovery).
Dec  1 09:36:09 MyLinuxVM systemd[1]: Starting Load Kernel Module configfs...
Dec  1 09:36:09 MyLinuxVM systemd[1]: Starting Load Kernel Module fuse...
Dec  1 09:36:09 MyLinuxVM systemd[1]: modprobe@configfs.service: Deactivated successfully.
Dec  1 09:36:09 MyLinuxVM systemd[1]: Finished Load Kernel Module configfs.
Dec  1 09:36:09 MyLinuxVM systemd[1]: modprobe@fuse.service: Deactivated successfully.
Dec  1 09:36:09 MyLinuxVM systemd[1]: Finished Load Kernel Module fuse.
Dec  1 09:36:09 MyLinuxVM mtp-probe[813]: checking bus 2, device 2: "/sys/devices/pci0000:00/0000:00:06.0/usb2/2-1"
Dec  1 09:36:09 MyLinuxVM kernel: input: PC Speaker as /devices/platform/pcspkr/input/input7
Dec  1 09:36:09 MyLinuxVM mtp-probe[813]: bus: 2, device: 2 was not an MTP device
Dec  1 09:36:09 MyLinuxVM kernel: piix4_smbus 0000:00:07.0: SMBus Host Controller at 0x4100, revision 0
Dec  1 09:36:09 MyLinuxVM systemd[1]: Condition check resulted in VBOX_HARDDISK 1 being skipped.
Dec  1 09:36:09 MyLinuxVM lvm[841]: PV /dev/sda2 online, VG cs is complete.
Dec  1 09:36:09 MyLinuxVM kernel: RAPL PMU: API unit is 2^-32 Joules, 0 fixed counters, 10737418240 ms ovfl timer
Dec  1 09:36:09 MyLinuxVM kernel: intel_rapl_msr: PL4 support detected.
Dec  1 09:36:09 MyLinuxVM systemd[1]: Started /usr/sbin/lvm vgchange -aay --autoactivation event cs.
Dec  1 09:36:09 MyLinuxVM lvm[875]:  3 logical volume(s) in volume group "cs" now active
Dec  1 09:36:09 MyLinuxVM systemd[1]: Found device /dev/mapper/cs-home.
Dec  1 09:36:09 MyLinuxVM systemd[1]: lvm-activate-cs.service: Deactivated successfully.
Dec  1 09:36:09 MyLinuxVM kernel: snd_intel8x0 0000:00:05.0: allow list rate for 1028:0177 is 48000
Dec  1 09:36:09 MyLinuxVM systemd[1]: Dispatch Password Requests to Console Directory Watch was skipped because of an unmet condition check (ConditionPathExists=!/run/plymouth/pid).
Dec  1 09:36:09 MyLinuxVM systemd[1]: Special handling of early boot iSCSI sessions was skipped because of an unmet condition check (ConditionDirectoryNotEmpty=/sys/class/iscsi_session).
Dec  1 09:36:09 MyLinuxVM systemd[1]: iscsi-starter.service was skipped because of an unmet condition check (ConditionDirectoryNotEmpty=/var/lib/iscsi/nodes).
Dec  1 09:36:09 MyLinuxVM systemd[1]: Starting Load Kernel Module efi_pstore...
Dec  1 09:36:09 MyLinuxVM systemd[1]: OSTree Remount OS/ Bind Mounts was skipped because of an unmet condition check (ConditionKernelCommandLine=ostree).
Dec  1 09:36:09 MyLinuxVM systemd[1]: First Boot Wizard was skipped because of an unmet condition check (ConditionFirstBoot=yes).
Dec  1 09:36:09 MyLinuxVM systemd[1]: First Boot Complete was skipped because of an unmet condition check (ConditionFirstBoot=yes).
Dec  1 09:36:09 MyLinuxVM systemd[1]: Rebuild Hardware Database was skipped because of an unmet condition check (ConditionNeedsUpdate=/etc).
Dec  1 09:36:09 MyLinuxVM systemd[1]: TPM2 PCR Machine ID Measurement was skipped because of an unmet condition check (ConditionPathExists=/sys/firmware/efi/efivars/StubPcrKernelImage-4a67b082-0a4c-41cf-b6c7-440b29bb8c4f).
Dec  1 09:36:09 MyLinuxVM systemd[1]: Repartition Root Disk was skipped because no trigger condition checks were met.
Dec  1 09:36:09 MyLinuxVM systemd[1]: Create System Users was skipped because no trigger condition checks were met.
Dec  1 09:36:09 MyLinuxVM systemd[1]: Finished Wait for udev To Complete Device Initialization.
Dec  1 09:36:09 MyLinuxVM systemd[1]: Device-Mapper Multipath Device Controller was skipped because of an unmet condition check (ConditionPathExists=/etc/multipath.conf).
Dec  1 09:36:09 MyLinuxVM systemd[1]: Reached target Preparation for Local File Systems.
Dec  1 09:36:09 MyLinuxVM systemd[1]: Mounting /boot...
Dec  1 09:36:09 MyLinuxVM systemd[1]: Mounting /home...
Dec  1 09:36:09 MyLinuxVM systemd[1]: modprobe@efi_pstore.service: Deactivated successfully.
Dec  1 09:36:09 MyLinuxVM systemd[1]: Finished Load Kernel Module efi_pstore.
Dec  1 09:36:09 MyLinuxVM systemd[1]: Platform Persistent Storage Archival was skipped because of an unmet condition check (ConditionDirectoryNotEmpty=/sys/fs/pstore).
Dec  1 09:36:09 MyLinuxVM kernel: XFS (dm-2): Mounting V5 Filesystem 5ebdec6e-666c-4c91-b328-52ca818be9f2
Dec  1 09:36:09 MyLinuxVM kernel: XFS (sda1): Mounting V5 Filesystem c4e41d86-1a97-4f4d-9e7d-93e5341990d4
Dec  1 09:36:09 MyLinuxVM kernel: XFS (dm-2): Ending clean mount
Dec  1 09:36:09 MyLinuxVM kernel: XFS (sda1): Ending clean mount
Dec  1 09:36:09 MyLinuxVM systemd[1]: Mounted /boot.
Dec  1 09:36:09 MyLinuxVM systemd[1]: Mounted /home.
Dec  1 09:36:09 MyLinuxVM systemd[1]: Reached target Local File Systems.
Dec  1 09:36:09 MyLinuxVM systemd[1]: Rebuild Dynamic Linker Cache was skipped because no trigger condition checks were met.
Dec  1 09:36:09 MyLinuxVM systemd[1]: Starting Tell Plymouth To Write Out Runtime Data...
Dec  1 09:36:09 MyLinuxVM systemd[1]: Mark the need to relabel after reboot was skipped because of an unmet condition check (ConditionSecurity=!selinux).
Dec  1 09:36:09 MyLinuxVM systemd[1]: Set Up Additional Binary Formats was skipped because no trigger condition checks were met.
Dec  1 09:36:09 MyLinuxVM systemd[1]: Update Boot Loader Random Seed was skipped because no trigger condition checks were met.
Dec  1 09:36:09 MyLinuxVM systemd[1]: Starting Automatic Boot Loader Update...
Dec  1 09:36:09 MyLinuxVM systemd[1]: Commit a transient machine-id on disk was skipped because of an unmet condition check (ConditionPathIsMountPoint=/etc/machine-id).
Dec  1 09:36:09 MyLinuxVM systemd[1]: Starting Create Volatile Files and Directories...
Dec  1 09:36:09 MyLinuxVM bootctl[902]: Couldn't find EFI system partition, skipping.
Dec  1 09:36:09 MyLinuxVM systemd[1]: Finished Automatic Boot Loader Update.
Dec  1 09:36:09 MyLinuxVM systemd[1]: Received SIGRTMIN+20 from PID 493 (plymouthd).
Dec  1 09:36:09 MyLinuxVM systemd[1]: Finished Tell Plymouth To Write Out Runtime Data.
Dec  1 09:36:09 MyLinuxVM systemd[1]: Finished Create Volatile Files and Directories.
Dec  1 09:36:09 MyLinuxVM systemd[1]: Starting Security Auditing Service...
Dec  1 09:36:09 MyLinuxVM systemd[1]: Rebuild Journal Catalog was skipped because of an unmet condition check (ConditionNeedsUpdate=/var).
Dec  1 09:36:09 MyLinuxVM systemd[1]: Update is Completed was skipped because no trigger condition checks were met.
Dec  1 09:36:09 MyLinuxVM auditd[906]: audit dispatcher initialized with q_depth=2000 and 1 active plugins
Dec  1 09:36:09 MyLinuxVM auditd[906]: Init complete, auditd 3.1.5 listening for events (startup state enable)
Dec  1 09:36:09 MyLinuxVM augenrules[911]: /sbin/augenrules: No change
Dec  1 09:36:10 MyLinuxVM augenrules[926]: No rules
Dec  1 09:36:10 MyLinuxVM augenrules[926]: enabled 1
Dec  1 09:36:10 MyLinuxVM augenrules[926]: failure 1
Dec  1 09:36:10 MyLinuxVM augenrules[926]: pid 906
Dec  1 09:36:10 MyLinuxVM augenrules[926]: rate_limit 0
Dec  1 09:36:10 MyLinuxVM augenrules[926]: backlog_limit 8192
Dec  1 09:36:10 MyLinuxVM augenrules[926]: lost 0
Dec  1 09:36:10 MyLinuxVM augenrules[926]: backlog 0
Dec  1 09:36:10 MyLinuxVM augenrules[926]: backlog_wait_time 60000
Dec  1 09:36:10 MyLinuxVM augenrules[926]: backlog_wait_time_actual 0
Dec  1 09:36:10 MyLinuxVM augenrules[926]: enabled 1
Dec  1 09:36:10 MyLinuxVM augenrules[926]: failure 1
Dec  1 09:36:10 MyLinuxVM augenrules[926]: pid 906
Dec  1 09:36:10 MyLinuxVM augenrules[926]: rate_limit 0
Dec  1 09:36:10 MyLinuxVM augenrules[926]: backlog_limit 8192
Dec  1 09:36:10 MyLinuxVM augenrules[926]: lost 0
Dec  1 09:36:10 MyLinuxVM augenrules[926]: backlog 0
Dec  1 09:36:10 MyLinuxVM augenrules[926]: backlog_wait_time 60000
Dec  1 09:36:10 MyLinuxVM augenrules[926]: backlog_wait_time_actual 0
Dec  1 09:36:10 MyLinuxVM augenrules[926]: enabled 1
Dec  1 09:36:10 MyLinuxVM augenrules[926]: failure 1
Dec  1 09:36:10 MyLinuxVM augenrules[926]: pid 906
Dec  1 09:36:10 MyLinuxVM augenrules[926]: rate_limit 0
Dec  1 09:36:10 MyLinuxVM augenrules[926]: backlog_limit 8192
Dec  1 09:36:10 MyLinuxVM augenrules[926]: lost 0
Dec  1 09:36:10 MyLinuxVM augenrules[926]: backlog 0
Dec  1 09:36:10 MyLinuxVM augenrules[926]: backlog_wait_time 60000
Dec  1 09:36:10 MyLinuxVM augenrules[926]: backlog_wait_time_actual 0
Dec  1 09:36:10 MyLinuxVM systemd[1]: Started Security Auditing Service.
Dec  1 09:36:10 MyLinuxVM systemd[1]: Starting Record System Boot/Shutdown in UTMP...
Dec  1 09:36:10 MyLinuxVM systemd[1]: Finished Record System Boot/Shutdown in UTMP.
Dec  1 09:36:10 MyLinuxVM systemd[1]: Reached target System Initialization.
Dec  1 09:36:10 MyLinuxVM systemd[1]: Started CUPS Scheduler.
Dec  1 09:36:10 MyLinuxVM systemd[1]: Started dnf makecache --timer.
Dec  1 09:36:10 MyLinuxVM systemd[1]: Started Daily rotation of log files.
Dec  1 09:36:10 MyLinuxVM systemd[1]: Started Updates mlocate database every day.
Dec  1 09:36:10 MyLinuxVM systemd[1]: Started Daily Cleanup of Temporary Directories.
Dec  1 09:36:10 MyLinuxVM systemd[1]: Reached target Path Units.
Dec  1 09:36:10 MyLinuxVM systemd[1]: Reached target Timer Units.
Dec  1 09:36:10 MyLinuxVM systemd[1]: Listening on Avahi mDNS/DNS-SD Stack Activation Socket.
Dec  1 09:36:10 MyLinuxVM systemd[1]: Listening on CUPS Scheduler.
Dec  1 09:36:10 MyLinuxVM systemd[1]: Listening on D-Bus System Message Bus Socket.
Dec  1 09:36:10 MyLinuxVM systemd[1]: Listening on Open-iSCSI iscsid Socket.
Dec  1 09:36:10 MyLinuxVM systemd[1]: Listening on Open-iSCSI iscsiuio Socket.
Dec  1 09:36:10 MyLinuxVM systemd[1]: Listening on SSSD Kerberos Cache Manager responder socket.
Dec  1 09:36:10 MyLinuxVM systemd[1]: Reached target Socket Units.
Dec  1 09:36:10 MyLinuxVM systemd[1]: Starting D-Bus System Message Bus...
Dec  1 09:36:10 MyLinuxVM systemd[1]: TPM2 PCR Barrier (Initialization) was skipped because of an unmet condition check (ConditionPathExists=/sys/firmware/efi/efivars/StubPcrKernelImage-4a67b082-0a4c-41cf-b6c7-440b29bb8c4f).
Dec  1 09:36:10 MyLinuxVM systemd[1]: Started D-Bus System Message Bus.
Dec  1 09:36:10 MyLinuxVM systemd[1]: Reached target Basic System.
Dec  1 09:36:10 MyLinuxVM dbus-broker-lau[934]: Ready
Dec  1 09:36:10 MyLinuxVM systemd[1]: Starting Avahi mDNS/DNS-SD Stack...
Dec  1 09:36:10 MyLinuxVM systemd[1]: Starting Restore /run/initramfs on shutdown...
Dec  1 09:36:10 MyLinuxVM systemd[1]: Started irqbalance daemon.
Dec  1 09:36:10 MyLinuxVM systemd[1]: Started libstoragemgmt plug-in server daemon.
Dec  1 09:36:10 MyLinuxVM systemd[1]: Low Memory Monitor was skipped because of an unmet condition check (ConditionPathExists=/proc/pressure).
Dec  1 09:36:10 MyLinuxVM systemd[1]: Started Machine Check Exception Logging Daemon.
Dec  1 09:36:10 MyLinuxVM avahi-daemon[936]: Found user 'avahi' (UID 70) and group 'avahi' (GID 70).
Dec  1 09:36:10 MyLinuxVM systemd[1]: Software RAID monitoring and management was skipped because of an unmet condition check (ConditionPathExists=/etc/mdadm.conf).
Dec  1 09:36:10 MyLinuxVM systemd[1]: Load CPU microcode update was skipped because of an unmet condition check (ConditionPathExists=/sys/devices/system/cpu/microcode/reload).
Dec  1 09:36:10 MyLinuxVM systemd[1]: Read-Only Sysroot Migration was skipped because of an unmet condition check (ConditionPathIsReadWrite=/sysroot).
Dec  1 09:36:10 MyLinuxVM systemd[1]: Starting Authorization Manager...
Dec  1 09:36:10 MyLinuxVM systemd[1]: Starting Power Profiles daemon...
Dec  1 09:36:10 MyLinuxVM systemd[1]: Starting RealtimeKit Scheduling Policy Service...
Dec  1 09:36:10 MyLinuxVM systemd[1]: Self Monitoring and Reporting Technology (SMART) Daemon was skipped because of an unmet condition check (ConditionVirtualization=no).
Dec  1 09:36:10 MyLinuxVM systemd[1]: OpenSSH ecdsa Server Key Generation was skipped because no trigger condition checks were met.
Dec  1 09:36:10 MyLinuxVM systemd[1]: OpenSSH ed25519 Server Key Generation was skipped because no trigger condition checks were met.
Dec  1 09:36:10 MyLinuxVM systemd[1]: OpenSSH rsa Server Key Generation was skipped because no trigger condition checks were met.
Dec  1 09:36:10 MyLinuxVM systemd[1]: Reached target sshd-keygen.target.
Dec  1 09:36:10 MyLinuxVM systemd[1]: System Security Services Daemon was skipped because no trigger condition checks were met.
Dec  1 09:36:10 MyLinuxVM systemd[1]: Reached target User and Group Name Lookups.
Dec  1 09:36:10 MyLinuxVM systemd[1]: Starting Accounts Service...
Dec  1 09:36:10 MyLinuxVM systemd[1]: Starting Switcheroo Control Proxy service...
Dec  1 09:36:10 MyLinuxVM systemd[1]: Starting User Login Management...
Dec  1 09:36:10 MyLinuxVM systemd[1]: TPM2 PCR Barrier (User) was skipped because of an unmet condition check (ConditionPathExists=/sys/firmware/efi/efivars/StubPcrKernelImage-4a67b082-0a4c-41cf-b6c7-440b29bb8c4f).
Dec  1 09:36:10 MyLinuxVM systemd[1]: Starting Disk Manager...
Dec  1 09:36:10 MyLinuxVM systemd[1]: Starting Daemon for power management...
Dec  1 09:36:10 MyLinuxVM systemd[1]: Starting vboxadd.service...
Dec  1 09:36:10 MyLinuxVM systemd[1]: VGAuth Service for open-vm-tools was skipped because of an unmet condition check (ConditionVirtualization=vmware).
Dec  1 09:36:10 MyLinuxVM systemd[1]: Service for virtual machines hosted on VMware was skipped because of an unmet condition check (ConditionVirtualization=vmware).
Dec  1 09:36:10 MyLinuxVM /usr/sbin/irqbalance[938]: libcap-ng used by "/usr/sbin/irqbalance" failed dropping bounding set due to not having CAP_SETPCAP in capng_apply
Dec  1 09:36:10 MyLinuxVM systemd[1]: Starting Rotate log files...
Dec  1 09:36:10 MyLinuxVM systemd[1]: Started Update a database for mlocate.
Dec  1 09:36:10 MyLinuxVM systemd[1]: Finished Restore /run/initramfs on shutdown.
Dec  1 09:36:10 MyLinuxVM udisksd[951]: udisks daemon version 2.9.4 starting
Dec  1 09:36:10 MyLinuxVM avahi-daemon[936]: Successfully dropped root privileges.
Dec  1 09:36:10 MyLinuxVM systemd[1]: Started RealtimeKit Scheduling Policy Service.
Dec  1 09:36:10 MyLinuxVM polkitd[941]: Started polkitd version 0.117
Dec  1 09:36:10 MyLinuxVM systemd[1]: Started Switcheroo Control Proxy service.
Dec  1 09:36:10 MyLinuxVM systemd[1]: Save/Restore Sound Card State was skipped because of an unmet condition check (ConditionPathExists=!/etc/alsa/state-daemon.conf).
Dec  1 09:36:10 MyLinuxVM avahi-daemon[936]: avahi-daemon 0.8 starting up.
Dec  1 09:36:10 MyLinuxVM avahi-daemon[936]: WARNING: No NSS support for mDNS detected, consider installing nss-mdns!
Dec  1 09:36:10 MyLinuxVM avahi-daemon[936]: Successfully called chroot().
Dec  1 09:36:10 MyLinuxVM avahi-daemon[936]: Successfully dropped remaining capabilities.
Dec  1 09:36:10 MyLinuxVM avahi-daemon[936]: No service file found in /etc/avahi/services.
Dec  1 09:36:10 MyLinuxVM avahi-daemon[936]: Joining mDNS multicast group on interface lo.IPv6 with address ::1.
Dec  1 09:36:10 MyLinuxVM avahi-daemon[936]: New relevant interface lo.IPv6 for mDNS.
Dec  1 09:36:10 MyLinuxVM avahi-daemon[936]: Joining mDNS multicast group on interface lo.IPv4 with address 127.0.0.1.
Dec  1 09:36:10 MyLinuxVM avahi-daemon[936]: New relevant interface lo.IPv4 for mDNS.
Dec  1 09:36:10 MyLinuxVM avahi-daemon[936]: Network interface enumeration completed.
Dec  1 09:36:10 MyLinuxVM avahi-daemon[936]: Registering new address record for ::1 on lo.*.
Dec  1 09:36:10 MyLinuxVM avahi-daemon[936]: Registering new address record for 127.0.0.1 on lo.IPv4.
Dec  1 09:36:10 MyLinuxVM systemd[1]: Started Manage Sound Card State (restore and store).
Dec  1 09:36:10 MyLinuxVM systemd[1]: Reached target Sound Card.
Dec  1 09:36:10 MyLinuxVM systemd[1]: Started Avahi mDNS/DNS-SD Stack.
Dec  1 09:36:10 MyLinuxVM alsactl[968]: alsactl 1.2.12 daemon started
Dec  1 09:36:10 MyLinuxVM alsactl[968]: alsa-lib main.c:1554:(snd_use_case_mgr_open) error: failed to import hw:0 use case configuration -2
Dec  1 09:36:10 MyLinuxVM systemd-logind[947]: New seat seat0.
Dec  1 09:36:10 MyLinuxVM systemd[1]: Starting Load Kernel Module drm...
Dec  1 09:36:10 MyLinuxVM systemd-logind[947]: Watching system buttons on /dev/input/event0 (Power Button)
Dec  1 09:36:10 MyLinuxVM systemd-logind[947]: Watching system buttons on /dev/input/event1 (Sleep Button)
Dec  1 09:36:10 MyLinuxVM systemd-logind[947]: Watching system buttons on /dev/input/event2 (AT Translated Set 2 keyboard)
Dec  1 09:36:10 MyLinuxVM systemd[1]: Started User Login Management.
Dec  1 09:36:10 MyLinuxVM systemd[1]: modprobe@drm.service: Deactivated successfully.
Dec  1 09:36:10 MyLinuxVM systemd[1]: Finished Load Kernel Module drm.
Dec  1 09:36:10 MyLinuxVM systemd[1]: Started Daemon for power management.
Dec  1 09:36:10 MyLinuxVM systemd[1]: Started Authorization Manager.
Dec  1 09:36:10 MyLinuxVM accounts-daemon[944]: started daemon version 0.6.55
Dec  1 09:36:10 MyLinuxVM systemd[1]: Starting Modem Manager...
Dec  1 09:36:10 MyLinuxVM systemd[1]: Starting firewalld - dynamic firewall daemon...
Dec  1 09:36:10 MyLinuxVM systemd[1]: logrotate.service: Deactivated successfully.
Dec  1 09:36:10 MyLinuxVM systemd[1]: Finished Rotate log files.
Dec  1 09:36:10 MyLinuxVM systemd[1]: Started Power Profiles daemon.
Dec  1 09:36:10 MyLinuxVM systemd[1]: Started Accounts Service.
Dec  1 09:36:10 MyLinuxVM ModemManager[1002]: <info>  ModemManager (version 1.20.2-1.el9) starting in system bus...
Dec  1 09:36:10 MyLinuxVM vboxadd[956]: VirtualBox Guest Additions: Starting.
Dec  1 09:36:10 MyLinuxVM vboxadd[1038]: VirtualBox Guest Additions: Setting up modules
Dec  1 09:36:10 MyLinuxVM vboxadd[1048]: VirtualBox Guest Additions: Building the VirtualBox Guest Additions kernel
Dec  1 09:36:10 MyLinuxVM vboxadd[1048]: modules.  This may take a while.
Dec  1 09:36:10 MyLinuxVM vboxadd[1050]: VirtualBox Guest Additions: To build modules for other installed kernels, run
Dec  1 09:36:10 MyLinuxVM vboxadd[1052]: VirtualBox Guest Additions:   /sbin/rcvboxadd quicksetup <version>
Dec  1 09:36:10 MyLinuxVM vboxadd[1054]: VirtualBox Guest Additions: or
Dec  1 09:36:10 MyLinuxVM vboxadd[1056]: VirtualBox Guest Additions:   /sbin/rcvboxadd quicksetup all
Dec  1 09:36:10 MyLinuxVM vboxadd[1058]: VirtualBox Guest Additions: Kernel headers not found for target kernel
Dec  1 09:36:10 MyLinuxVM vboxadd[1058]: 5.14.0-533.el9.x86_64. Please install them and execute
Dec  1 09:36:10 MyLinuxVM vboxadd[1058]:  /sbin/rcvboxadd setup
Dec  1 09:36:10 MyLinuxVM kernel: NET: Registered PF_QIPCRTR protocol family
Dec  1 09:36:10 MyLinuxVM systemd[1]: Started Modem Manager.
Dec  1 09:36:10 MyLinuxVM systemd[1]: Started Disk Manager.
Dec  1 09:36:10 MyLinuxVM udisksd[951]: Acquired the name org.freedesktop.UDisks2 on the system message bus
Dec  1 09:36:10 MyLinuxVM systemd[1]: Started firewalld - dynamic firewall daemon.
Dec  1 09:36:10 MyLinuxVM systemd[1]: Reached target Preparation for Network.
Dec  1 09:36:10 MyLinuxVM systemd[1]: Starting Network Manager...
Dec  1 09:36:10 MyLinuxVM NetworkManager[1157]: <info>  [1733042170.6232] NetworkManager (version 1.51.4-1.el9) is starting... (boot:c4fc9995-4f70-4628-aec9-2e9668cfb13c)
Dec  1 09:36:10 MyLinuxVM NetworkManager[1157]: <info>  [1733042170.6233] Read config: /etc/NetworkManager/NetworkManager.conf, /usr/lib/NetworkManager/conf.d/{00-server.conf,99-nvme-nbft-no-ignore-carrier.conf}, /run/NetworkManager/conf.d/15-carrier-timeout.conf
Dec  1 09:36:10 MyLinuxVM NetworkManager[1157]: <info>  [1733042170.6353] manager[0x564a37ed4080]: monitoring kernel firmware directory '/lib/firmware'.
Dec  1 09:36:10 MyLinuxVM systemd[1]: Starting Hostname Service...
Dec  1 09:36:10 MyLinuxVM kernel: Warning: Unmaintained driver is detected: ip_set
Dec  1 09:36:10 MyLinuxVM systemd[1]: Started Hostname Service.
Dec  1 09:36:10 MyLinuxVM NetworkManager[1157]: <info>  [1733042170.6915] hostname: hostname: using hostnamed
Dec  1 09:36:10 MyLinuxVM NetworkManager[1157]: <info>  [1733042170.6915] hostname: static hostname changed from (none) to "MyLinuxVM"
Dec  1 09:36:10 MyLinuxVM NetworkManager[1157]: <info>  [1733042170.6917] dns-mgr: init: dns=default,systemd-resolved rc-manager=symlink (auto)
Dec  1 09:36:10 MyLinuxVM NetworkManager[1157]: <info>  [1733042170.7071] manager[0x564a37ed4080]: rfkill: Wi-Fi hardware radio set enabled
Dec  1 09:36:10 MyLinuxVM NetworkManager[1157]: <info>  [1733042170.7072] manager[0x564a37ed4080]: rfkill: WWAN hardware radio set enabled
Dec  1 09:36:10 MyLinuxVM systemd[1]: Listening on Load/Save RF Kill Switch Status /dev/rfkill Watch.
Dec  1 09:36:10 MyLinuxVM NetworkManager[1157]: <info>  [1733042170.7373] Loaded device plugin: NMBluezManager (/usr/lib64/NetworkManager/1.51.4-1.el9/libnm-device-plugin-bluetooth.so)
Dec  1 09:36:10 MyLinuxVM NetworkManager[1157]: <info>  [1733042170.7380] Loaded device plugin: NMAtmManager (/usr/lib64/NetworkManager/1.51.4-1.el9/libnm-device-plugin-adsl.so)
Dec  1 09:36:10 MyLinuxVM NetworkManager[1157]: <info>  [1733042170.7405] Loaded device plugin: NMTeamFactory (/usr/lib64/NetworkManager/1.51.4-1.el9/libnm-device-plugin-team.so)
Dec  1 09:36:10 MyLinuxVM NetworkManager[1157]: <info>  [1733042170.7412] Loaded device plugin: NMWifiFactory (/usr/lib64/NetworkManager/1.51.4-1.el9/libnm-device-plugin-wifi.so)
Dec  1 09:36:10 MyLinuxVM NetworkManager[1157]: <info>  [1733042170.7417] Loaded device plugin: NMWwanFactory (/usr/lib64/NetworkManager/1.51.4-1.el9/libnm-device-plugin-wwan.so)
Dec  1 09:36:10 MyLinuxVM NetworkManager[1157]: <info>  [1733042170.7421] manager: rfkill: Wi-Fi enabled by radio killswitch; enabled by state file
Dec  1 09:36:10 MyLinuxVM NetworkManager[1157]: <info>  [1733042170.7422] manager: rfkill: WWAN enabled by radio killswitch; enabled by state file
Dec  1 09:36:10 MyLinuxVM NetworkManager[1157]: <info>  [1733042170.7422] manager: Networking is enabled by state file
Dec  1 09:36:10 MyLinuxVM NetworkManager[1157]: <info>  [1733042170.7426] settings: Loaded settings plugin: keyfile (internal)
Dec  1 09:36:10 MyLinuxVM NetworkManager[1157]: <info>  [1733042170.7447] settings: Loaded settings plugin: ifcfg-rh ("/usr/lib64/NetworkManager/1.51.4-1.el9/libnm-settings-plugin-ifcfg-rh.so")
Dec  1 09:36:10 MyLinuxVM NetworkManager[1157]: <info>  [1733042170.7532] dhcp: init: Using DHCP client 'internal'
Dec  1 09:36:10 MyLinuxVM NetworkManager[1157]: <info>  [1733042170.7537] manager: (lo): new Loopback device (/org/freedesktop/NetworkManager/Devices/1)
Dec  1 09:36:10 MyLinuxVM NetworkManager[1157]: <info>  [1733042170.7551] device (lo): state change: unmanaged -> unavailable (reason 'connection-assumed', managed-type: 'external')
Dec  1 09:36:10 MyLinuxVM NetworkManager[1157]: <info>  [1733042170.7556] device (lo): state change: unavailable -> disconnected (reason 'connection-assumed', managed-type: 'external')
Dec  1 09:36:10 MyLinuxVM NetworkManager[1157]: <info>  [1733042170.7562] device (lo): Activation: starting connection 'lo' (3f7a17f8-b17d-4ea4-b12c-fdf1d7c6ec25)
Dec  1 09:36:10 MyLinuxVM NetworkManager[1157]: <info>  [1733042170.7571] manager: (enp0s3): new Ethernet device (/org/freedesktop/NetworkManager/Devices/2)
Dec  1 09:36:10 MyLinuxVM NetworkManager[1157]: <info>  [1733042170.7573] device (enp0s3): state change: unmanaged -> unavailable (reason 'managed', managed-type: 'external')
Dec  1 09:36:10 MyLinuxVM kernel: e1000: enp0s3 NIC Link is Up 1000 Mbps Full Duplex, Flow Control: RX
Dec  1 09:36:10 MyLinuxVM NetworkManager[1157]: <info>  [1733042170.7629] bus-manager: acquired D-Bus service "org.freedesktop.NetworkManager"
Dec  1 09:36:10 MyLinuxVM NetworkManager[1157]: <info>  [1733042170.7642] device (lo): state change: disconnected -> prepare (reason 'none', managed-type: 'external')
Dec  1 09:36:10 MyLinuxVM NetworkManager[1157]: <info>  [1733042170.7643] device (lo): state change: prepare -> config (reason 'none', managed-type: 'external')
Dec  1 09:36:10 MyLinuxVM NetworkManager[1157]: <info>  [1733042170.7644] device (lo): state change: config -> ip-config (reason 'none', managed-type: 'external')
Dec  1 09:36:10 MyLinuxVM NetworkManager[1157]: <info>  [1733042170.7646] device (enp0s3): carrier: link connected
Dec  1 09:36:10 MyLinuxVM NetworkManager[1157]: <info>  [1733042170.7648] device (lo): state change: ip-config -> ip-check (reason 'none', managed-type: 'external')
Dec  1 09:36:10 MyLinuxVM NetworkManager[1157]: <info>  [1733042170.7651] device (enp0s3): state change: unavailable -> disconnected (reason 'carrier-changed', managed-type: 'full')
Dec  1 09:36:10 MyLinuxVM NetworkManager[1157]: <info>  [1733042170.7669] policy: auto-activating connection 'enp0s3' (da44be69-3a0f-30b7-a3f2-3183400853a4)
Dec  1 09:36:10 MyLinuxVM NetworkManager[1157]: <info>  [1733042170.7671] device (enp0s3): Activation: starting connection 'enp0s3' (da44be69-3a0f-30b7-a3f2-3183400853a4)
Dec  1 09:36:10 MyLinuxVM NetworkManager[1157]: <info>  [1733042170.7672] device (enp0s3): state change: disconnected -> prepare (reason 'none', managed-type: 'full')
Dec  1 09:36:10 MyLinuxVM NetworkManager[1157]: <info>  [1733042170.7673] manager: NetworkManager state is now CONNECTING
Dec  1 09:36:10 MyLinuxVM NetworkManager[1157]: <info>  [1733042170.7673] device (enp0s3): state change: prepare -> config (reason 'none', managed-type: 'full')
Dec  1 09:36:10 MyLinuxVM NetworkManager[1157]: <info>  [1733042170.7691] modem-manager: ModemManager available
Dec  1 09:36:10 MyLinuxVM systemd[1]: Starting Network Manager Script Dispatcher Service...
Dec  1 09:36:10 MyLinuxVM systemd[1]: Started Network Manager.
Dec  1 09:36:10 MyLinuxVM systemd[1]: Reached target Network.
Dec  1 09:36:10 MyLinuxVM systemd[1]: Starting Network Manager Wait Online...
Dec  1 09:36:10 MyLinuxVM systemd[1]: Starting CUPS Scheduler...
Dec  1 09:36:10 MyLinuxVM systemd[1]: Starting OpenSSH server daemon...
Dec  1 09:36:10 MyLinuxVM systemd[1]: Starting Permit User Sessions...
Dec  1 09:36:10 MyLinuxVM systemd[1]: Started Network Manager Script Dispatcher Service.
Dec  1 09:36:10 MyLinuxVM NetworkManager[1157]: <info>  [1733042170.7835] device (lo): state change: ip-check -> secondaries (reason 'none', managed-type: 'external')
Dec  1 09:36:10 MyLinuxVM NetworkManager[1157]: <info>  [1733042170.7836] device (lo): state change: secondaries -> activated (reason 'none', managed-type: 'external')
Dec  1 09:36:10 MyLinuxVM NetworkManager[1157]: <info>  [1733042170.7840] device (lo): Activation: successful, device activated.
Dec  1 09:36:10 MyLinuxVM systemd[1]: Finished Permit User Sessions.
Dec  1 09:36:10 MyLinuxVM systemd[1]: Started Deferred execution scheduler.
Dec  1 09:36:10 MyLinuxVM systemd[1]: Started Command Scheduler.
Dec  1 09:36:10 MyLinuxVM systemd[1]: Starting Hold until boot process finishes up...
Dec  1 09:36:10 MyLinuxVM systemd[1]: Started CUPS Scheduler.
Dec  1 09:36:10 MyLinuxVM systemd[1]: Started OpenSSH server daemon.
Dec  1 09:36:11 MyLinuxVM avahi-daemon[936]: Server startup complete. Host name is MyLinuxVM.local. Local service cookie is 2350759822.
Dec  1 09:36:11 MyLinuxVM NetworkManager[1157]: <info>  [1733042171.2081] device (enp0s3): state change: config -> ip-config (reason 'none', managed-type: 'full')
Dec  1 09:36:11 MyLinuxVM NetworkManager[1157]: <info>  [1733042171.2095] dhcp4 (enp0s3): activation: beginning transaction (timeout in 45 seconds)
Dec  1 09:36:11 MyLinuxVM avahi-daemon[936]: Joining mDNS multicast group on interface enp0s3.IPv6 with address fe80::a00:27ff:fe12:943f.
Dec  1 09:36:11 MyLinuxVM avahi-daemon[936]: New relevant interface enp0s3.IPv6 for mDNS.
Dec  1 09:36:11 MyLinuxVM avahi-daemon[936]: Registering new address record for fe80::a00:27ff:fe12:943f on enp0s3.*.
Dec  1 09:36:11 MyLinuxVM NetworkManager[1157]: <info>  [1733042171.2123] dhcp4 (enp0s3): state changed new lease, address=10.0.2.15
Dec  1 09:36:11 MyLinuxVM avahi-daemon[936]: Joining mDNS multicast group on interface enp0s3.IPv4 with address 10.0.2.15.
Dec  1 09:36:11 MyLinuxVM avahi-daemon[936]: New relevant interface enp0s3.IPv4 for mDNS.
Dec  1 09:36:11 MyLinuxVM avahi-daemon[936]: Registering new address record for 10.0.2.15 on enp0s3.IPv4.
Dec  1 09:36:11 MyLinuxVM NetworkManager[1157]: <info>  [1733042171.2135] policy: set 'enp0s3' (enp0s3) as default for IPv4 routing and DNS
Dec  1 09:36:11 MyLinuxVM NetworkManager[1157]: <info>  [1733042171.2358] device (enp0s3): state change: ip-config -> ip-check (reason 'none', managed-type: 'full')
Dec  1 09:36:11 MyLinuxVM NetworkManager[1157]: <info>  [1733042171.2381] device (enp0s3): state change: ip-check -> secondaries (reason 'none', managed-type: 'full')
Dec  1 09:36:11 MyLinuxVM NetworkManager[1157]: <info>  [1733042171.2382] device (enp0s3): state change: secondaries -> activated (reason 'none', managed-type: 'full')
Dec  1 09:36:11 MyLinuxVM NetworkManager[1157]: <info>  [1733042171.2384] manager: NetworkManager state is now CONNECTED_SITE
Dec  1 09:36:11 MyLinuxVM NetworkManager[1157]: <info>  [1733042171.2386] device (enp0s3): Activation: successful, device activated.
Dec  1 09:36:11 MyLinuxVM NetworkManager[1157]: <info>  [1733042171.2389] manager: NetworkManager state is now CONNECTED_GLOBAL
Dec  1 09:36:11 MyLinuxVM NetworkManager[1157]: <info>  [1733042171.2390] manager: startup complete
Dec  1 09:36:11 MyLinuxVM systemd[1]: Finished Network Manager Wait Online.
Dec  1 09:36:11 MyLinuxVM systemd[1]: Reached target Network is Online.
Dec  1 09:36:11 MyLinuxVM systemd[1]: iscsi.service: Unit cannot be reloaded because it is inactive.
Dec  1 09:36:11 MyLinuxVM systemd[1]: Starting Crash recovery kernel arming...
Dec  1 09:36:11 MyLinuxVM systemd[1]: Starting System Logging Service...
Dec  1 09:36:11 MyLinuxVM systemd[1]: iscsi.service: Unit cannot be reloaded because it is inactive.
Dec  1 09:36:11 MyLinuxVM rsyslogd[1255]: [origin software="rsyslogd" swVersion="8.2310.0-4.el9" x-pid="1255" x-info="https://www.rsyslog.com"] start
Dec  1 09:36:11 MyLinuxVM systemd[1]: Started System Logging Service.
Dec  1 09:36:11 MyLinuxVM rsyslogd[1255]: imjournal: journal files changed, reloading...  [v8.2310.0-4.el9 try https://www.rsyslog.com/e/0 ]
Dec  1 09:36:11 MyLinuxVM systemd[1]: mlocate-updatedb.service: Deactivated successfully.
Dec  1 09:36:12 MyLinuxVM kernel: SELinux:  Converting 503 SID table entries...
Dec  1 09:36:12 MyLinuxVM kernel: SELinux:  policy capability network_peer_controls=1
Dec  1 09:36:12 MyLinuxVM kernel: SELinux:  policy capability open_perms=1
Dec  1 09:36:12 MyLinuxVM kernel: SELinux:  policy capability extended_socket_class=1
Dec  1 09:36:12 MyLinuxVM kernel: SELinux:  policy capability always_check_network=0
Dec  1 09:36:12 MyLinuxVM kernel: SELinux:  policy capability cgroup_seclabel=1
Dec  1 09:36:12 MyLinuxVM kernel: SELinux:  policy capability nnp_nosuid_transition=1
Dec  1 09:36:12 MyLinuxVM kernel: SELinux:  policy capability genfs_seclabel_symlinks=1
Dec  1 09:36:12 MyLinuxVM vboxadd[1105]: File context for /opt/VBoxGuestAdditions-7.0.22/other/mount.vboxsf already defined, modifying instead
Dec  1 09:36:12 MyLinuxVM kernel: block dm-0: the capability attribute has been deprecated.
